---
source: cargo-aprz-lib/src/commands/validate.rs
assertion_line: 185
expression: snapshot_content
---
TOML parse error at line 4, column 1
  |
4 | unknown_field = "value"
  | ^^^^^^^^^^^^^
unknown field `unknown_field`, expected one of `allow_list`, `high_risk`, `eval`, `bug_labels`, `medium_risk_threshold`, `low_risk_threshold`, `crates_cache_ttl`, `hosting_cache_ttl`, `codebase_cache_ttl`, `coverage_cache_ttl`, `advisories_cache_ttl`
