---
source: crates/cargo_ox_check/tests/snapshots.rs
expression: render_tree(tmp.path())
---
=== .delta.toml ===
# >>> ox-check-managed: ox-check-delta
[delta]
# Include the workspace root files that should invalidate every member's
# impact analysis when changed (lockfile, root manifest, toolchain).
root-files = [
    "Cargo.lock",
    "Cargo.toml",
    "rust-toolchain.toml",
]
# <<< ox-check-managed: ox-check-delta

=== .pipelines/ox-check/pr.yml ===
# Copyright (c) Microsoft Corporation.
# Licensed under the MIT License.
# Owned by cargo-ox-check; edit via `cargo ox-check update`.
#
# Every job in this stages template is rendered through `steps/job.yml`.
# That wrapper is *user-customizable*: adopters who need to inject 1ESPT
# `templateContext:` blocks, custom SDL knobs, build-provenance attrs, etc.
# edit `steps/job.yml` once and ox-check stops overwriting it. This stages
# template stays owned and continues to track new groups, dependsOn rewires,
# impact-output threading changes, etc.
#
# Template-path note: each entry in the `steps:` parameter below contains a
# `template:` reference. ADO resolves template paths relative to the file
# containing the `template:` keyword, which (for parameters defined at the
# call site) is *this* file. So paths like `steps/pr-fast.yml` are correct.
parameters:
  - name: linuxPool
    type: object
    default: { vmImage: ubuntu-latest }
  - name: windowsPool
    type: object
    default: { vmImage: windows-latest }

stages:
  # cargo-delta impact runs per OS so that downstream legs consume an
  # impact set computed against THEIR host's cargo-metadata depgraph.
  # Without this, an OS-conditional dep change (under
  # `[target.'cfg(target_os = ...)'.dependencies]`) computed on Linux
  # wouldn't include the cross-OS reverse-deps that only show up in
  # the Windows depgraph, so the Windows leg could skip tests that
  # ought to run. We pay for one impact stage per OS family; downstream
  # stages select the right one per leg.
  - stage: impact_linux
    displayName: ox-check impact (linux)
    jobs:
      - template: steps/job.yml
        parameters:
          name: compute
          pool: ${{ parameters.linuxPool }}
          steps:
            - template: steps/impact.yml

  - stage: impact_windows
    displayName: ox-check impact (windows)
    jobs:
      - template: steps/job.yml
        parameters:
          name: compute
          pool: ${{ parameters.windowsPool }}
          steps:
            - template: steps/impact.yml

  - stage: pr_fast
    displayName: ox-check pr-fast
    dependsOn: [impact_linux, impact_windows]
    condition: succeededOrFailed()
    variables:
      include_modified_linux: $[ stageDependencies.impact_linux.compute.outputs['compute.include_modified'] ]
      include_affected_linux: $[ stageDependencies.impact_linux.compute.outputs['compute.include_affected'] ]
      include_required_linux: $[ stageDependencies.impact_linux.compute.outputs['compute.include_required'] ]
      include_modified_windows: $[ stageDependencies.impact_windows.compute.outputs['compute.include_modified'] ]
      include_affected_windows: $[ stageDependencies.impact_windows.compute.outputs['compute.include_affected'] ]
      include_required_windows: $[ stageDependencies.impact_windows.compute.outputs['compute.include_required'] ]
    jobs:
      # Cross-OS because pr-fast contains compile-sensitive checks
      # (clippy, doc-build, udeps, semver-check, external-types) whose
      # results can differ across host OS for crates that use
      # #[cfg(target_os = ...)] gating.
      - template: steps/job.yml
        parameters:
          name: linux
          pool: ${{ parameters.linuxPool }}
          steps:
            - template: steps/pr-fast.yml
              parameters:
                include_modified: $(include_modified_linux)
                include_affected: $(include_affected_linux)
                include_required: $(include_required_linux)
            # Advisory PR comments. Recipes that surface non-blocking findings
            # (e.g. cargo-semver-checks) write a markdown body to
            # `target/ox-check/comments/<name>.md` and exit 0; this step turns
            # presence/absence of those files into upserts/closures of a
            # sticky PR comment via the ADO REST API. Runs on the canonical
            # Linux leg only so the Linux/Windows matrix doesn't race on the
            # same thread. Skipped (silently) when the build identity lacks
            # "Contribute to pull requests" so adopters who haven't opted in
            # to write permissions aren't broken.
            - template: steps/advisory-comments.yml
      - template: steps/job.yml
        parameters:
          name: windows
          pool: ${{ parameters.windowsPool }}
          steps:
            - template: steps/pr-fast.yml
              parameters:
                include_modified: $(include_modified_windows)
                include_affected: $(include_affected_windows)
                include_required: $(include_required_windows)

  - stage: pr_test
    displayName: ox-check pr-test
    dependsOn: [impact_linux, impact_windows]
    condition: succeededOrFailed()
    variables:
      include_modified_linux: $[ stageDependencies.impact_linux.compute.outputs['compute.include_modified'] ]
      include_affected_linux: $[ stageDependencies.impact_linux.compute.outputs['compute.include_affected'] ]
      include_required_linux: $[ stageDependencies.impact_linux.compute.outputs['compute.include_required'] ]
      include_modified_windows: $[ stageDependencies.impact_windows.compute.outputs['compute.include_modified'] ]
      include_affected_windows: $[ stageDependencies.impact_windows.compute.outputs['compute.include_affected'] ]
      include_required_windows: $[ stageDependencies.impact_windows.compute.outputs['compute.include_required'] ]
    jobs:
      - template: steps/job.yml
        parameters:
          name: linux
          pool: ${{ parameters.linuxPool }}
          steps:
            - template: steps/pr-test.yml
              parameters:
                include_modified: $(include_modified_linux)
                include_affected: $(include_affected_linux)
                include_required: $(include_required_linux)
            # Coverage publish stays as a sibling task — it's a results
            # publish (not a pipeline artifact), so 1ESPT permits it at
            # step level and we don't need to route it through `artifacts:`.
            - task: PublishCodeCoverageResults@2
              condition: and(succeededOrFailed(), ne(variables.include_affected_linux, '--skip'))
              displayName: Publish coverage
              inputs:
                summaryFileLocation: target/coverage/cobertura.xml
                failIfCoverageEmpty: false
      - template: steps/job.yml
        parameters:
          name: windows
          pool: ${{ parameters.windowsPool }}
          steps:
            - template: steps/pr-test.yml
              parameters:
                include_modified: $(include_modified_windows)
                include_affected: $(include_affected_windows)
                include_required: $(include_required_windows)

  - stage: pr_mutants
    displayName: ox-check pr-mutants
    dependsOn: [impact_linux, impact_windows]
    condition: succeededOrFailed()
    variables:
      include_modified_linux: $[ stageDependencies.impact_linux.compute.outputs['compute.include_modified'] ]
      include_affected_linux: $[ stageDependencies.impact_linux.compute.outputs['compute.include_affected'] ]
      include_required_linux: $[ stageDependencies.impact_linux.compute.outputs['compute.include_required'] ]
      include_modified_windows: $[ stageDependencies.impact_windows.compute.outputs['compute.include_modified'] ]
      include_affected_windows: $[ stageDependencies.impact_windows.compute.outputs['compute.include_affected'] ]
      include_required_windows: $[ stageDependencies.impact_windows.compute.outputs['compute.include_required'] ]
    jobs:
      # Cross-OS to match oxidizer's policy: mutation testing on
      # cfg(target_os) gated code matters. Diff-scoped (--in-diff) keeps
      # each leg's runtime bounded.
      - template: steps/job.yml
        parameters:
          name: linux
          pool: ${{ parameters.linuxPool }}
          steps:
            - template: steps/pr-mutants.yml
              parameters:
                include_modified: $(include_modified_linux)
                include_affected: $(include_affected_linux)
                include_required: $(include_required_linux)
      - template: steps/job.yml
        parameters:
          name: windows
          pool: ${{ parameters.windowsPool }}
          steps:
            - template: steps/pr-mutants.yml
              parameters:
                include_modified: $(include_modified_windows)
                include_affected: $(include_affected_windows)
                include_required: $(include_required_windows)

=== .pipelines/ox-check/scheduled.yml ===
# Copyright (c) Microsoft Corporation.
# Licensed under the MIT License.
# Owned by cargo-ox-check; edit via `cargo ox-check update`.
#
# Every job is rendered through `steps/job.yml` (user-customizable wrapper);
# see pr-stages.yml for the rationale and template-path note.
parameters:
  - name: linuxPool
    type: object
    default: { vmImage: ubuntu-latest }
  - name: windowsPool
    type: object
    default: { vmImage: windows-latest }

stages:
  - stage: scheduled_test
    displayName: ox-check scheduled-test
    jobs:
      - template: steps/job.yml
        parameters:
          name: linux
          pool: ${{ parameters.linuxPool }}
          steps:
            - template: steps/scheduled-test.yml
            - task: PublishCodeCoverageResults@2
              condition: succeededOrFailed()
              displayName: Publish coverage
              inputs:
                summaryFileLocation: target/coverage/cobertura.xml
                failIfCoverageEmpty: false
      - template: steps/job.yml
        parameters:
          name: windows
          pool: ${{ parameters.windowsPool }}
          steps:
            - template: steps/scheduled-test.yml

  - stage: scheduled_advisories
    displayName: ox-check scheduled-advisories
    dependsOn: []
    jobs:
      # Cross-OS because clippy and udeps in this group compile per host,
      # so cfg-gated code must be linted/scanned on both OSes.
      - template: steps/job.yml
        parameters:
          name: linux
          pool: ${{ parameters.linuxPool }}
          steps:
            - template: steps/scheduled-advisories.yml
      - template: steps/job.yml
        parameters:
          name: windows
          pool: ${{ parameters.windowsPool }}
          steps:
            - template: steps/scheduled-advisories.yml

  - stage: scheduled_runtime
    displayName: ox-check scheduled-runtime
    dependsOn: []
    jobs:
      # Cross-OS to match the surveyed repos: oxidizer runs miri on
      # every platform in its matrix (Windows_x64 + Linux_x64);
      # oxidizer-github runs miri + careful across Linux/Windows.
      # Both tools work on every Tier 1 Rust target.
      #
      # ADO has no Microsoft-hosted ARM agents (unlike GH), so the
      # default ARM coverage that the GitHub backend ships is not
      # available here. Adopters with self-hosted ARM pools extend
      # this stage in their root pipeline.
      - template: steps/job.yml
        parameters:
          name: linux
          pool: ${{ parameters.linuxPool }}
          steps:
            - template: steps/scheduled-runtime.yml
      - template: steps/job.yml
        parameters:
          name: windows
          pool: ${{ parameters.windowsPool }}
          steps:
            - template: steps/scheduled-runtime.yml

  - stage: scheduled_exhaustive
    displayName: ox-check scheduled-exhaustive
    dependsOn: []
    jobs:
      # Cross-OS to match oxidizer's policy: full-workspace mutation
      # testing + cargo-hack powerset + bench compile checks all benefit
      # from running on both OSes for cfg(target_os) coverage. Adopters
      # who can't afford the Windows leg override the matrix in their
      # root pipeline.
      - template: steps/job.yml
        parameters:
          name: linux
          pool: ${{ parameters.linuxPool }}
          steps:
            - template: steps/scheduled-exhaustive.yml
      - template: steps/job.yml
        parameters:
          name: windows
          pool: ${{ parameters.windowsPool }}
          steps:
            - template: steps/scheduled-exhaustive.yml

=== .pipelines/ox-check/steps/advisory-comments.yml ===
# Copyright (c) Microsoft Corporation.
# Licensed under the MIT License.
# Owned by cargo-ox-check; edit via `cargo ox-check update`.
#
# Upsert/clear sticky PR comments for advisory checks.
#
# Convention (see docs/design/checks.md §6): a recipe writes a complete
# markdown body to `target/ox-check/comments/<NAME>.md` when it has
# findings, and removes the file when it does not. The first line of
# the body is an HTML comment marker (`<!-- ox-check-<NAME> -->`) used
# here to find the existing PR thread to update or close.
#
# This step inspects each known convention file and:
#   - if the file exists and no thread matches the marker, POSTs a new
#     active thread carrying the file body;
#   - if the file exists and a thread matches, PATCHes that thread's
#     first comment with the new body;
#   - if the file does not exist and a thread matches, sets the
#     thread's status to "closed" (ADO has no thread-delete API; closed
#     threads collapse in the PR UI).
#
# The step is a no-op when:
#   - the build is not a PR build (Build.Reason != PullRequest);
#   - the build identity lacks "Contribute to pull requests" on the
#     repo (we catch the 401/403 and exit 0 so adopters who haven't
#     opted in to write permissions aren't broken).
#
# Adding a new advisory check: extend the `$checks` array below with a
# `@{ name = '<NEW>'; file = 'target/ox-check/comments/<NEW>.md' }`
# entry. The marker / header convention follows automatically.

steps:
  - task: PowerShell@2
    displayName: ox-check advisory PR comments
    condition: and(succeededOrFailed(), eq(variables['Build.Reason'], 'PullRequest'))
    env:
      SYSTEM_ACCESSTOKEN: $(System.AccessToken)
    inputs:
      targetType: inline
      pwsh: true
      script: |
        $ErrorActionPreference = 'Stop'
        $checks = @(
            @{ name = 'semver'; file = 'target/ox-check/comments/semver.md' }
        )
        $prId = $env:SYSTEM_PULLREQUEST_PULLREQUESTID
        if (-not $prId) {
            Write-Host 'advisory-comments: not a PR build; skipping'
            exit 0
        }
        if (-not $env:SYSTEM_ACCESSTOKEN) {
            Write-Host 'advisory-comments: SYSTEM_ACCESSTOKEN not exposed; skipping'
            exit 0
        }
        $base = "$env:SYSTEM_COLLECTIONURI$env:SYSTEM_TEAMPROJECT/_apis/git/repositories/$env:BUILD_REPOSITORY_ID/pullRequests/$prId"
        $headers = @{ Authorization = "Bearer $env:SYSTEM_ACCESSTOKEN" }
        try {
            $threads = (Invoke-RestMethod "$base/threads?api-version=7.1" -Headers $headers).value
        } catch {
            $status = $_.Exception.Response.StatusCode.value__
            if ($status -in 401, 403) {
                Write-Host "advisory-comments: build identity lacks 'Contribute to pull requests' (HTTP $status); skipping"
                exit 0
            }
            throw
        }
        foreach ($c in $checks) {
            $marker = "<!-- ox-check-$($c.name) -->"
            $existing = $threads | Where-Object {
                $_.comments -and $_.comments[0].content -like "*$marker*" -and $_.status -ne 'closed'
            } | Select-Object -First 1
            if (Test-Path -LiteralPath $c.file) {
                $body = Get-Content -LiteralPath $c.file -Raw
                if ($existing) {
                    Write-Host "advisory-comments: updating ox-check-$($c.name) (thread $($existing.id))"
                    $payload = @{ content = $body } | ConvertTo-Json -Depth 5
                    Invoke-RestMethod "$base/threads/$($existing.id)/comments/1?api-version=7.1" `
                        -Method PATCH -Headers $headers -ContentType 'application/json; charset=utf-8' -Body $payload | Out-Null
                } else {
                    Write-Host "advisory-comments: posting ox-check-$($c.name)"
                    $payload = @{
                        comments = @(@{ parentCommentId = 0; content = $body; commentType = 1 })
                        status   = 'active'
                    } | ConvertTo-Json -Depth 5
                    Invoke-RestMethod "$base/threads?api-version=7.1" `
                        -Method POST -Headers $headers -ContentType 'application/json; charset=utf-8' -Body $payload | Out-Null
                }
            } elseif ($existing) {
                Write-Host "advisory-comments: closing ox-check-$($c.name) (thread $($existing.id))"
                $payload = @{ status = 'closed' } | ConvertTo-Json
                Invoke-RestMethod "$base/threads/$($existing.id)?api-version=7.1" `
                    -Method PATCH -Headers $headers -ContentType 'application/json; charset=utf-8' -Body $payload | Out-Null
            }
        }

=== .pipelines/ox-check/steps/impact.yml ===
# Copyright (c) Microsoft Corporation.
# Licensed under the MIT License.
# Owned by cargo-ox-check; edit via `cargo ox-check update`.
# Computes per-tier include lists from cargo-delta and publishes them
# as stage outputs for downstream group stages to consume.
#
# Output variables (consumed in pr-stages.yml via
# stageDependencies.impact.compute.outputs['compute.<name>']):
#   include_modified - "--package X --package Y" or "--skip" sentinel.
#   include_affected - same shape, for the affected set (modified ∪ rev-deps).
#   include_required - same shape, for the required set
#                      (affected ∪ workspace-internal transitive deps).
#
# Unscoped recipes (deny, audit, aprz, pr-title) ignore all three.
steps:
  # Reuse the per-job setup (toolchain, cargo cache, just install, tool
  # install) so cargo + cargo-delta are on PATH and ~/.cargo/bin is
  # restored from cache. Without this, a clean 1ESPT agent has no cargo
  # on PATH and `cargo install --locked cargo-delta` exits 127.
  - template: setup.yml
  - bash: |
      set -euo pipefail
      cargo install --locked cargo-delta
      # Determine the baseline ref:
      #   * Adopters can override via BASE_REF (full ref name, e.g.
      #     `origin/release`).
      #   * On PR build-validation runs, SYSTEM_PULLREQUEST_TARGETBRANCH
      #     is set to the unqualified target branch (e.g. `main`).
      #   * Otherwise fall back to `master` so manual / branch CI runs
      #     produce a sensible diff against the default branch.
      # The ADO macro form `$(System.PullRequest.TargetBranch)` is unsafe
      # here: when the variable is unset (non-PR builds), ADO leaves the
      # `$(...)` literal in the script, which bash then interprets as
      # command substitution and fails with exit 127.
      base="${BASE_REF:-origin/${SYSTEM_PULLREQUEST_TARGETBRANCH:-master}}"
      # Two snapshots + impact compare (cargo-delta has no --base
      # shortcut). The baseline runs in a worktree at the merge target
      # so the checked-out tree is untouched.
      #
      # GIT_LFS_SKIP_SMUDGE=1 prevents the worktree checkout from trying
      # to fetch LFS objects -- the worktree inherits the parent repo's
      # git config but NOT the credential helper that authenticated the
      # initial checkout, so any LFS-tracked file would otherwise fail
      # with "Git credentials ... not found". cargo-delta only needs
      # file presence + content hashes; LFS pointer files hash
      # consistently across baseline and current, so the impact analysis
      # is unaffected.
      cargo delta snapshot > "$AGENT_TEMPDIRECTORY/ox-check-current.json"
      GIT_LFS_SKIP_SMUDGE=1 git worktree add --detach "$AGENT_TEMPDIRECTORY/ox-check-baseline" "$base"
      ( cd "$AGENT_TEMPDIRECTORY/ox-check-baseline" && cargo delta snapshot ) \
          > "$AGENT_TEMPDIRECTORY/ox-check-baseline.json"
      git worktree remove --force "$AGENT_TEMPDIRECTORY/ox-check-baseline"
      result="$(cargo delta impact \
          --baseline "$AGENT_TEMPDIRECTORY/ox-check-baseline.json" \
          --current  "$AGENT_TEMPDIRECTORY/ox-check-current.json" \
          --format json)"
      # cargo-delta emits TitleCase keys (Modified / Affected /
      # Required). Format each tier into the --package args shape
      # recipes expect, with --skip as the empty-set sentinel.
      #
      # cargo-delta's impact output uses *library names* (snake_case)
      # rather than cargo *package names* (which may use hyphens). For
      # hyphenated packages — e.g. `cargo-ox-check` — that means it
      # emits `cargo_ox_check`, which cargo rejects as a --package
      # specification. We build:
      #   * `pkg_map`: lib-name -> package-name (and identity for
      #     package-name -> package-name), for translation;
      #   * `valid_pkgs`: set of all known package names, for
      #     validation. Names cargo-delta emits that aren't valid
      #     packages (e.g. directory-leaf ambiguities like `ffi` /
      #     `ffi_build` in deeply nested workspaces) are dropped with a
      #     warning rather than failing the whole build.
      declare -A pkg_map
      declare -A valid_pkgs
      while IFS=$'\t' read -r pkg_name lib_name; do
          valid_pkgs["$pkg_name"]=1
          pkg_map["$pkg_name"]="$pkg_name"
          [ -n "$lib_name" ] && pkg_map["$lib_name"]="$pkg_name"
      done < <(cargo metadata --no-deps --format-version 1 \
          | jq -r '.packages[] as $p | ($p.targets[] | select(.kind | index("lib")) | "\($p.name)\t\(.name)"), "\($p.name)\t"')
      format_set() {
          local field="$1"
          local pkgs
          pkgs=$(printf '%s' "$result" | jq -r --arg f "$field" '(.[$f] // []) | .[]' 2>/dev/null || true)
          if [ -z "$pkgs" ] ; then
              printf '%s' "--skip"
          else
              local out=""
              while IFS= read -r pkg ; do
                  [ -z "$pkg" ] && continue
                  local mapped="${pkg_map[$pkg]:-$pkg}"
                  if [ -z "${valid_pkgs[$mapped]:-}" ] ; then
                      echo "ox-check impact: dropping unknown package '$pkg' (-> '$mapped') from $field set; see https://github.com/microsoft/ox-tools/issues for tracking" >&2
                      continue
                  fi
                  out="$out --package $mapped"
              done <<EOF
      $pkgs
      EOF
              if [ -z "$out" ] ; then
                  printf '%s' "--skip"
              else
                  printf '%s' "${out# }"
              fi
          fi
      }
      include_modified="$(format_set Modified)"
      include_affected="$(format_set Affected)"
      include_required="$(format_set Required)"
      echo "##vso[task.setvariable variable=include_modified;isOutput=true]$include_modified"
      echo "##vso[task.setvariable variable=include_affected;isOutput=true]$include_affected"
      echo "##vso[task.setvariable variable=include_required;isOutput=true]$include_required"
    name: compute
    displayName: ox-check impact (cargo-delta)

=== .pipelines/ox-check/steps/job.yml ===
# Copyright (c) Microsoft Corporation.
# Licensed under the MIT License.
#
# Default job wrapper emitted by cargo-ox-check.
#
# Owns the per-job *shape*: how `pool`, `steps`, and `artifacts` map onto the
# concrete `job:` block. Pipelines that use extension templates (1ES PT,
# SubstratePT, M365PT, etc.) take ownership of THIS file once and add their
# required `templateContext:` block — the owned stages templates
# (pr-stages.yml / scheduled-stages.yml) then continue to update normally
# because they only know about this wrapper's parameter contract.
#
# Once you edit this file, cargo-ox-check treats it as user-owned: subsequent
# updates Propose into a `.proposed` sibling rather than overwriting.
#
# Contract (intentionally small and stable):
#   - name      (string)   Job name; ADO derives the display name from it.
#   - pool      (object)   Pool block, passed verbatim to ADO's `pool:` key.
#   - steps     (stepList) Body of the job. Templated step lists are fine.
#   - artifacts (object)   Optional list of pipeline artifacts to publish.
#                          Each item: { name: string, path: string }.
#                          The default wrapper appends one
#                          PublishPipelineArtifact@1 task per entry; 1ESPT
#                          wrappers translate these into
#                          templateContext.outputs.pipelineArtifact blocks
#                          at job level. The contract is the same either way,
#                          so the stages templates don't need to know which
#                          backend they're targeting.
parameters:
  - name: name
    type: string
  - name: pool
    type: object
  - name: steps
    type: stepList
  - name: artifacts
    type: object
    default: []

jobs:
  - job: ${{ parameters.name }}
    pool: ${{ parameters.pool }}
    steps:
      - ${{ each step in parameters.steps }}:
          - ${{ step }}
      - ${{ each artifact in parameters.artifacts }}:
          - task: PublishPipelineArtifact@1
            displayName: Publish ${{ artifact.name }}
            condition: succeededOrFailed()
            inputs:
              targetPath: ${{ artifact.path }}
              artifact: ${{ artifact.name }}

=== .pipelines/ox-check/steps/pr-fast.yml ===
# Copyright (c) Microsoft Corporation.
# Licensed under the MIT License.
# Owned by cargo-ox-check; edit via `cargo ox-check update`.
# The token pr-fast is substituted by cargo-ox-check at emit time with
# the concrete check-group name (pr-fast, pr-test, scheduled-runtime, ...).
parameters:
  - name: include_modified
    type: string
    default: ''
  - name: include_affected
    type: string
    default: ''
  - name: include_required
    type: string
    default: ''
steps:
  - template: setup.yml
  - bash: just ox-check-pr-fast
    displayName: ox-check-pr-fast
    env:
      OX_CHECK_INCLUDE_MODIFIED: ${{ parameters.include_modified }}
      OX_CHECK_INCLUDE_AFFECTED: ${{ parameters.include_affected }}
      OX_CHECK_INCLUDE_REQUIRED: ${{ parameters.include_required }}

=== .pipelines/ox-check/steps/pr-mutants.yml ===
# Copyright (c) Microsoft Corporation.
# Licensed under the MIT License.
# Owned by cargo-ox-check; edit via `cargo ox-check update`.
# The token pr-mutants is substituted by cargo-ox-check at emit time with
# the concrete check-group name (pr-fast, pr-test, scheduled-runtime, ...).
parameters:
  - name: include_modified
    type: string
    default: ''
  - name: include_affected
    type: string
    default: ''
  - name: include_required
    type: string
    default: ''
steps:
  - template: setup.yml
  - bash: just ox-check-pr-mutants
    displayName: ox-check-pr-mutants
    env:
      OX_CHECK_INCLUDE_MODIFIED: ${{ parameters.include_modified }}
      OX_CHECK_INCLUDE_AFFECTED: ${{ parameters.include_affected }}
      OX_CHECK_INCLUDE_REQUIRED: ${{ parameters.include_required }}

=== .pipelines/ox-check/steps/pr-test.yml ===
# Copyright (c) Microsoft Corporation.
# Licensed under the MIT License.
# Owned by cargo-ox-check; edit via `cargo ox-check update`.
# The token pr-test is substituted by cargo-ox-check at emit time with
# the concrete check-group name (pr-fast, pr-test, scheduled-runtime, ...).
parameters:
  - name: include_modified
    type: string
    default: ''
  - name: include_affected
    type: string
    default: ''
  - name: include_required
    type: string
    default: ''
steps:
  - template: setup.yml
  - bash: just ox-check-pr-test
    displayName: ox-check-pr-test
    env:
      OX_CHECK_INCLUDE_MODIFIED: ${{ parameters.include_modified }}
      OX_CHECK_INCLUDE_AFFECTED: ${{ parameters.include_affected }}
      OX_CHECK_INCLUDE_REQUIRED: ${{ parameters.include_required }}

=== .pipelines/ox-check/steps/scheduled-advisories.yml ===
# Copyright (c) Microsoft Corporation.
# Licensed under the MIT License.
# Owned by cargo-ox-check; edit via `cargo ox-check update`.
# The token scheduled-advisories is substituted by cargo-ox-check at emit time with
# the concrete check-group name (pr-fast, pr-test, scheduled-runtime, ...).
parameters:
  - name: include_modified
    type: string
    default: ''
  - name: include_affected
    type: string
    default: ''
  - name: include_required
    type: string
    default: ''
steps:
  - template: setup.yml
  - bash: just ox-check-scheduled-advisories
    displayName: ox-check-scheduled-advisories
    env:
      OX_CHECK_INCLUDE_MODIFIED: ${{ parameters.include_modified }}
      OX_CHECK_INCLUDE_AFFECTED: ${{ parameters.include_affected }}
      OX_CHECK_INCLUDE_REQUIRED: ${{ parameters.include_required }}

=== .pipelines/ox-check/steps/scheduled-exhaustive.yml ===
# Copyright (c) Microsoft Corporation.
# Licensed under the MIT License.
# Owned by cargo-ox-check; edit via `cargo ox-check update`.
# The token scheduled-exhaustive is substituted by cargo-ox-check at emit time with
# the concrete check-group name (pr-fast, pr-test, scheduled-runtime, ...).
parameters:
  - name: include_modified
    type: string
    default: ''
  - name: include_affected
    type: string
    default: ''
  - name: include_required
    type: string
    default: ''
steps:
  - template: setup.yml
  - bash: just ox-check-scheduled-exhaustive
    displayName: ox-check-scheduled-exhaustive
    env:
      OX_CHECK_INCLUDE_MODIFIED: ${{ parameters.include_modified }}
      OX_CHECK_INCLUDE_AFFECTED: ${{ parameters.include_affected }}
      OX_CHECK_INCLUDE_REQUIRED: ${{ parameters.include_required }}

=== .pipelines/ox-check/steps/scheduled-runtime.yml ===
# Copyright (c) Microsoft Corporation.
# Licensed under the MIT License.
# Owned by cargo-ox-check; edit via `cargo ox-check update`.
# The token scheduled-runtime is substituted by cargo-ox-check at emit time with
# the concrete check-group name (pr-fast, pr-test, scheduled-runtime, ...).
parameters:
  - name: include_modified
    type: string
    default: ''
  - name: include_affected
    type: string
    default: ''
  - name: include_required
    type: string
    default: ''
steps:
  - template: setup.yml
  - bash: just ox-check-scheduled-runtime
    displayName: ox-check-scheduled-runtime
    env:
      OX_CHECK_INCLUDE_MODIFIED: ${{ parameters.include_modified }}
      OX_CHECK_INCLUDE_AFFECTED: ${{ parameters.include_affected }}
      OX_CHECK_INCLUDE_REQUIRED: ${{ parameters.include_required }}

=== .pipelines/ox-check/steps/scheduled-test.yml ===
# Copyright (c) Microsoft Corporation.
# Licensed under the MIT License.
# Owned by cargo-ox-check; edit via `cargo ox-check update`.
# The token scheduled-test is substituted by cargo-ox-check at emit time with
# the concrete check-group name (pr-fast, pr-test, scheduled-runtime, ...).
parameters:
  - name: include_modified
    type: string
    default: ''
  - name: include_affected
    type: string
    default: ''
  - name: include_required
    type: string
    default: ''
steps:
  - template: setup.yml
  - bash: just ox-check-scheduled-test
    displayName: ox-check-scheduled-test
    env:
      OX_CHECK_INCLUDE_MODIFIED: ${{ parameters.include_modified }}
      OX_CHECK_INCLUDE_AFFECTED: ${{ parameters.include_affected }}
      OX_CHECK_INCLUDE_REQUIRED: ${{ parameters.include_required }}

=== .pipelines/ox-check/steps/setup.yml ===
# Copyright (c) Microsoft Corporation.
# Licensed under the MIT License.
# Owned by cargo-ox-check; edit via `cargo ox-check update`.
steps:
  - bash: echo "##vso[task.setvariable variable=ox_check_rustc_version]$(rustc --version | awk '{print $2}')"
    displayName: ox-check setup (capture rustc version)
  - task: Cache@2
    inputs:
      # Same key shape as the GitHub side: OS + arch + rustc version +
      # lockfile hashes + catalog hash. Including arch keeps any
      # future ARM pool an adopter adds from colliding with x86_64 on
      # the same OS namespace.
      key: 'ox-check-v1 | "$(Agent.OS)" | "$(Agent.OSArchitecture)" | rust$(ox_check_rustc_version) | Cargo.lock | .cargo/config.toml | rust-toolchain.toml | justfiles/ox-check/tool-minimums.txt | justfiles/ox-check/versions.just'
      restoreKeys: |
        ox-check-v1 | "$(Agent.OS)" | "$(Agent.OSArchitecture)" | rust$(ox_check_rustc_version)
        ox-check-v1 | "$(Agent.OS)" | "$(Agent.OSArchitecture)"
      path: |
        $(HOME)/.cargo/registry/cache/
        $(HOME)/.cargo/registry/index/
        $(HOME)/.cargo/bin/
        target/
    displayName: ox-check setup (cache cargo home and target)

  # System dependencies for catalog source builds. See the GitHub
  # composite setup-action.yml for the rationale — same pattern.
  # Detect the distro's package manager so this works on Ubuntu agents
  # (apt-get) and Azure Linux 3 agents (tdnf, common on 1ESPT) alike.
  - bash: |
      set -euo pipefail
      if command -v tdnf >/dev/null 2>&1; then
        sudo tdnf install -y clang-devel
      elif command -v dnf >/dev/null 2>&1; then
        sudo dnf install -y clang-devel
      elif command -v apt-get >/dev/null 2>&1; then
        sudo apt-get update && sudo apt-get install -y libclang-dev
      else
        echo "No supported package manager found (tdnf/dnf/apt-get)" >&2
        exit 1
      fi
    condition: eq(variables['Agent.OS'], 'Linux')
    displayName: ox-check setup (install libclang on Linux)

  - bash: rustup component add rustfmt clippy
    displayName: ox-check setup (ensure rustfmt + clippy components)

  - bash: |
      if ! command -v just >/dev/null 2>&1 ; then
        cargo install --locked just
      fi
    displayName: ox-check setup (install just)

  # Install the pinned nightly toolchains needed by udeps, miri,
  # careful, and check-external-types. The pins live in
  # justfiles/ox-check/versions.just as `rust_nightly` and
  # `rust_nightly_external_types`; we extract them here so there is
  # exactly one source of truth shared with recipe interpolation.
  - bash: |
      set -euo pipefail
      rust_nightly=$(just --evaluate rust_nightly)
      rust_nightly_external_types=$(just --evaluate rust_nightly_external_types)
      echo "ox-check: pinned nightly toolchains: $rust_nightly, $rust_nightly_external_types"
      # --component rustfmt because ox-check-fmt uses nightly rustfmt
      # for unstable_features (imports_granularity etc.).
      rustup toolchain install "$rust_nightly" --profile minimal --component rustfmt --no-self-update
      if [ "$rust_nightly" != "$rust_nightly_external_types" ]; then
        rustup toolchain install "$rust_nightly_external_types" --profile minimal --no-self-update
      fi
    displayName: ox-check setup (install pinned nightly toolchains)

  - bash: |
      just ox-check-tools-install
    # ox-check-tools-install exits non-zero if any per-tool install
    # failed (e.g. cargo-mutants doesn't build on aarch64-pc-windows-
    # msvc due to an upstream winapi incompatibility). We don't fail
    # the whole job here — recipes that actually USE a missing tool
    # will fail cleanly via _ox-check-require at recipe-run time.
    continueOnError: true
    displayName: ox-check setup (install catalog tools)

=== .pipelines/ox-check-pr.yml ===
# Copyright (c) Microsoft Corporation.
# Licensed under the MIT License.
# Owned by cargo-ox-check; edit via `cargo ox-check update`.
trigger: none

stages:
  - template: ox-check/pr.yml
    parameters:
      linuxPool: { vmImage: ubuntu-latest }
      windowsPool: { vmImage: windows-latest }

=== .pipelines/ox-check-scheduled.yml ===
# Copyright (c) Microsoft Corporation.
# Licensed under the MIT License.
# Owned by cargo-ox-check; edit via `cargo ox-check update`.
trigger: none
pr: none

schedules:
  - cron: "0 6 * * *"
    displayName: ox-check scheduled
    branches:
      include: [main, master]
    always: true

stages:
  - template: ox-check/scheduled.yml
    parameters:
      linuxPool: { vmImage: ubuntu-latest }
      windowsPool: { vmImage: windows-latest }

=== Cargo.toml ===
[workspace]
resolver = "2"
members = ["crates/*"]

# >>> ox-check-managed: ox-check-workspace-lints
[workspace.lints]
# Catalog of opinionated lints, in dotted-key form so users can extend the
# same scope (`[workspace.lints]` or `[lints]`) outside the sentinels.
# The host-specific table header (`[workspace.lints]` or `[lints]`) is
# prepended by cargo-ox-check based on whether the manifest is a workspace
# root or a single-crate Cargo.toml.

# --- rust ------------------------------------------------------------------
rust.ambiguous_negative_literals = "warn"
rust.missing_debug_implementations = "warn"
rust.redundant_imports = "warn"
rust.redundant_lifetimes = "warn"
rust.trivial_numeric_casts = "warn"
rust.unsafe_op_in_unsafe_fn = "warn"
rust.unused_lifetimes = "warn"
# `unexpected_cfgs` is on-by-default at warn since Rust 1.80; combined
# with the catalog's `-D warnings` CI policy, any custom cfg name
# becomes a hard build failure. Pre-declare the cfgs that
# `cargo llvm-cov` sets so the recommended coverage-exclusion pattern
# `#[cfg_attr(coverage_nightly, coverage(off))]` works out of the box.
# Adopters who need additional cfg names take ownership of this one
# line (edit the check-cfg array); ox-check's drift detector will
# emit a `.ox-check-proposed` sibling on future catalog bumps so the
# customization is preserved.
rust.unexpected_cfgs = { level = "warn", check-cfg = [
    'cfg(coverage,coverage_nightly)',
] }

# --- rustdoc ---------------------------------------------------------------
rustdoc.broken_intra_doc_links = "warn"
rustdoc.missing_crate_level_docs = "warn"
rustdoc.unescaped_backticks = "warn"

# --- clippy: category gates (priority -1 so per-lint allows can override) --
clippy.cargo = { level = "warn", priority = -1 }
clippy.complexity = { level = "warn", priority = -1 }
clippy.correctness = { level = "warn", priority = -1 }
clippy.nursery = { level = "warn", priority = -1 }
clippy.pedantic = { level = "warn", priority = -1 }
clippy.perf = { level = "warn", priority = -1 }
clippy.style = { level = "warn", priority = -1 }
clippy.suspicious = { level = "warn", priority = -1 }

# --- clippy: opinionated additions -----------------------------------------
# Two-repo consensus (oxidizer + oxidizer-github). Restriction-group
# lints that catch real code-smell cases. Adding a workspace-wide lint
# means adopters can only opt out per-crate or by taking ownership of
# this region; only enable when the consensus is strong enough to
# justify that cost.
clippy.allow_attributes = "warn"
clippy.allow_attributes_without_reason = "warn"
clippy.as_pointer_underscore = "warn"
clippy.assertions_on_result_states = "warn"
clippy.clone_on_ref_ptr = "warn"
clippy.deref_by_slicing = "warn"
clippy.disallowed_script_idents = "warn"
clippy.empty_drop = "warn"
clippy.empty_enum_variants_with_brackets = "warn"
clippy.fn_to_numeric_cast_any = "warn"
clippy.if_then_some_else_none = "warn"
clippy.map_err_ignore = "warn"
clippy.multiple_unsafe_ops_per_block = "warn"
clippy.redundant_type_annotations = "warn"
clippy.renamed_function_params = "warn"
clippy.semicolon_outside_block = "warn"
clippy.undocumented_unsafe_blocks = "warn"
clippy.unnecessary_safety_comment = "warn"
clippy.unnecessary_safety_doc = "warn"
clippy.unneeded_field_pattern = "warn"
clippy.unused_result_ok = "warn"
clippy.unwrap_used = "warn"

# --- clippy: opinionated suppressions of category-enabled lints ------------
clippy.missing_const_for_fn = "allow"
clippy.multiple_crate_versions = "allow"
clippy.option_if_let_else = "allow"
clippy.redundant_pub_crate = "allow"
clippy.should_panic_without_expect = "allow"
clippy.significant_drop_tightening = "allow"
# Blocked by Clippy bug: https://github.com/rust-lang/rust-clippy/issues/15036
clippy.wildcard_imports = "allow"

# <<< ox-check-managed: ox-check-workspace-lints

=== Justfile ===
# >>> ox-check-managed: ox-check-imports
import 'justfiles/ox-check/mod.just'
# <<< ox-check-managed: ox-check-imports

=== clippy.toml ===
# >>> ox-check-managed: ox-check-clippy
# Fine-tuning settings for clippy lints. These cannot be expressed in
# Cargo.toml's [lints] table (which only carries level: warn/allow/deny);
# they configure lint *behavior* and live in clippy.toml only.

# Absolute paths up to 3 segments are clarifying — e.g. `std::sync::Mutex`
# vs `tokio::sync::Mutex` disambiguates the source. Beyond 3 segments
# we prefer imports or aliases for readability.
absolute-paths-max-segments = 3

# Workspace code is internal. Clippy should suggest the most correct
# fix without worrying about non-breaking-change rules, which only
# matter for published library APIs.
avoid-breaking-exported-api = false

# Required companion for the clippy.semicolon_outside_block lint we
# ship in the catalog. Without this, the lint fires on multiline-block
# forms that are common Rust style.
semicolon-outside-block-ignore-multiline = true

# Required companions for the clippy.unwrap_used lint we ship.
# Test code asserts via unwrap()/panic!() — that's how #[test] reports
# failure. Without these, every test triggers the lint.
allow-panic-in-tests = true
allow-unwrap-in-tests = true

# Aspirational: when clippy.wildcard_imports is re-enabled (currently
# allowed in cargo-lints-body.toml due to upstream bug rust-clippy#15036),
# we want the stricter variant that warns on ALL wildcard imports
# including prelude. Setting it now means flipping the lint level to
# warn later is a one-line change with no tuning afterthought.
warn-on-all-wildcard-imports = true
# <<< ox-check-managed: ox-check-clippy

=== crates/alpha/Cargo.toml ===
[package]
name = "alpha"
version = "0.1.0"
edition = "2024"

# >>> ox-check-managed: ox-check-lints
[lints]
workspace = true
# <<< ox-check-managed: ox-check-lints

=== crates/alpha/src/lib.rs ===


=== deny.toml ===
# >>> ox-check-managed: ox-check-deny
[advisories]
yanked = "deny"
# Scope of unmaintained-crate checks: "all" surfaces transitive
# dependencies too; tighten to "workspace" if the noise is high.
unmaintained = "all"

[licenses]
allow = [
    "MIT",
    "Apache-2.0",
    "Apache-2.0 WITH LLVM-exception",
    "BSD-2-Clause",
    "BSD-3-Clause",
    "ISC",
    "MPL-2.0",
    "Unicode-DFS-2016",
    "Unicode-3.0",
    "Zlib",
]
confidence-threshold = 0.93

[bans]
multiple-versions = "warn"
wildcards = "deny"

[sources]
unknown-registry = "deny"
unknown-git = "deny"
# <<< ox-check-managed: ox-check-deny

=== justfiles/ox-check/checks.just ===
# Copyright (c) Microsoft Corporation.
# Licensed under the MIT License.
# Owned by cargo-ox-check; edit via `cargo ox-check update`.
# See ../../docs/design/checks.md for the catalog and rationale.
#
# Each check belongs to one of four buckets, which determines how it
# interprets the impact env vars emitted by the cargo-delta impact step
# in CI:
#
#   - "modified": only run when at least one package's source files
#     changed in the diff. The check's underlying tool is workspace-wide
#     or directory-scoped (cargo fmt --all, cargo heather, cargo
#     spellcheck), so it doesn't take --package; we short-circuit on
#     the OX_CHECK_INCLUDE_MODIFIED == "--skip" sentinel.
#
#   - "affected": run on the affected set (modified ∪ reverse-deps
#     within the workspace). The check's underlying tool takes
#     --package; we splice OX_CHECK_INCLUDE_AFFECTED into the cargo
#     invocation, defaulting to --workspace for local invocations where
#     no env var is set.
#
#   - "required": run on the required set (affected ∪ workspace-internal
#     transitive deps). Same splice/default pattern as affected, but
#     keyed on OX_CHECK_INCLUDE_REQUIRED. Used for checks whose tool
#     resolves through the dep graph (cargo doc → intra-doc links;
#     cargo hack → feature powerset; cargo udeps → unused-deps).
#
#   - "unscoped": always run, no env var reference. External-input
#     checks (deny, audit, aprz) and PR-context checks (pr-title) live
#     here. Scheduled-exhaustive recipes (mutants-full) are also unscoped
#     by design.
#
# Local invocation (no impact wiring): all three env vars are unset
# (recipes use the `?? "--workspace"` null-coalescing fallback below);
# modified-tier recipes simply skip the splice and run their
# workspace-wide tool; affected/required-tier recipes splat
# "--workspace" when the env var is unset.
#
# Preparation contract: when a recipe reaches the cargo call, the
# env var is one of:
#
#   * unset                       - local run; the recipe substitutes
#                                    "--workspace" via `?? "--workspace"`
#   * "--package A --package B"   - emitted by the CI impact step when
#                                    the tier has members
#   * "--skip"                    - emitted by the CI impact step when
#                                    the tier is empty (recipe exits 0)
#
# This lets the simple recipes splat the var directly with
#   & cargo X @(-split ($env:OX_CHECK_INCLUDE_AFFECTED ?? "--workspace")) ...
# and reduces the per-recipe boilerplate to a single one-line skip
# guard plus the cargo invocation.
#
# Modified-tier recipes never splice the env var into cargo (their
# tools are workspace-wide); they only check the skip sentinel.
#
# Every recipe whose body uses multi-line conditionals or env-var
# splicing is annotated with [script("pwsh")]. pwsh is preinstalled on
# Windows (since Windows 10), on GH/ADO hosted Linux + Windows
# runners, and installable on macOS via Homebrew or the upstream
# installer. We chose pwsh over bash because just's shebang dispatch
# requires `cygpath` on Windows (only on PATH from inside Git Bash),
# while [script("pwsh")] works from plain PowerShell with no PATH
# augmentation. The `??` null-coalescing operator used in the splat
# requires pwsh 7+, which is the floor we already require via
# _ox-check-require pwsh.
#
# Single-command recipes (cargo deny check, cargo audit) are plain
# just recipes that inherit the adopter's default shell — they're
# shell-agnostic.
#
# Note: [script(...)] requires `set unstable`. The adopter's root
# justfile must declare it (typically as a top-level line). ox-check's
# mod.just does NOT redeclare it, to avoid conflicting with adopters
# who already have it.

# === pr-fast members ====================================================

# Modified tier. cargo-fmt is a rustup component. We invoke it via the
# pinned nightly (see versions.just) because rustfmt.toml uses
# unstable_features = true (imports_granularity, group_imports,
# format_code_in_doc_comments). Floating nightly would mean
# format-drift breaking CI on rustup updates — the same trap we
# explicitly avoid for udeps/miri/careful/external-types.
[script("pwsh")]
ox-check-fmt:
    $ErrorActionPreference = 'Stop'
    if ($env:OX_CHECK_INCLUDE_MODIFIED -eq '--skip') { exit 0 }
    cargo '+{{ rust_nightly }}' fmt --all --check
    if ($LASTEXITCODE -ne 0) { exit $LASTEXITCODE }

# Affected tier. Per project policy, clippy runs on the affected set
# rather than the modified set: a change in a crate can introduce a
# clippy issue in a dependent crate (e.g., trait-bound or
# obviously-truthy-condition lints that key off the changed type), so
# we want downstream rev-deps to lint as well. cargo-clippy is a
# rustup component; same reasoning as fmt for the require.
[script("pwsh")]
ox-check-clippy:
    $ErrorActionPreference = 'Stop'
    if ($env:OX_CHECK_INCLUDE_AFFECTED -eq '--skip') { exit 0 }
    & cargo clippy @(-split ($env:OX_CHECK_INCLUDE_AFFECTED ?? "--workspace")) --all-targets --all-features --locked "--" '-D' 'warnings'
    if ($LASTEXITCODE -ne 0) { exit $LASTEXITCODE }

# Modified tier.
[script("pwsh")]
ox-check-cargo-sort: (_ox-check-require "cargo-sort")
    $ErrorActionPreference = 'Stop'
    if ($env:OX_CHECK_INCLUDE_MODIFIED -eq '--skip') { exit 0 }
    cargo sort --workspace --check
    if ($LASTEXITCODE -ne 0) { exit $LASTEXITCODE }

# Modified tier.
[script("pwsh")]
ox-check-license-headers: (_ox-check-require "cargo-heather")
    $ErrorActionPreference = 'Stop'
    if ($env:OX_CHECK_INCLUDE_MODIFIED -eq '--skip') { exit 0 }
    cargo heather
    if ($LASTEXITCODE -ne 0) { exit $LASTEXITCODE }

# Modified tier.
[script("pwsh")]
ox-check-ensure-no-cyclic-deps: (_ox-check-require "cargo-ensure-no-cyclic-deps")
    $ErrorActionPreference = 'Stop'
    if ($env:OX_CHECK_INCLUDE_MODIFIED -eq '--skip') { exit 0 }
    cargo ensure-no-cyclic-deps
    if ($LASTEXITCODE -ne 0) { exit $LASTEXITCODE }

# Modified tier.
[script("pwsh")]
ox-check-ensure-no-default-features: (_ox-check-require "cargo-ensure-no-default-features")
    $ErrorActionPreference = 'Stop'
    if ($env:OX_CHECK_INCLUDE_MODIFIED -eq '--skip') { exit 0 }
    cargo ensure-no-default-features
    if ($LASTEXITCODE -ne 0) { exit $LASTEXITCODE }

# Required tier. cargo doc resolves intra-doc links through the dep
# graph, so a dep changing its public API can break doc-build in a
# crate that wasn't itself modified.
[script("pwsh")]
ox-check-doc-build:
    $ErrorActionPreference = 'Stop'
    if ($env:OX_CHECK_INCLUDE_REQUIRED -eq '--skip') { exit 0 }
    $env:RUSTDOCFLAGS = '-D warnings'
    & cargo doc @(-split ($env:OX_CHECK_INCLUDE_REQUIRED ?? "--workspace")) --all-features --no-deps
    if ($LASTEXITCODE -ne 0) { exit $LASTEXITCODE }

# Modified tier.
#
# cargo-doc2readme regenerates a crate's README.md from its rustdoc.
# Two extension points users frequently need:
#   * Workspace-level template (`crates/README.j2` or `README.j2` at repo
#     root): a Tera template applied to every crate's README. ox-check
#     auto-detects it and passes `--template` to the per-crate runs.
#   * Per-crate opt-out: hand-crafted READMEs (e.g. a tool crate whose
#     README is more freeform than the lib docs) opt out by adding
#     `[package.metadata.ox-gen-readme]\ndisable = true` to their
#     Cargo.toml. ox-check skips those crates.
#
# Bin-only crates have no library rustdoc to base a README on, so they
# are skipped as well (cargo doc2readme requires a library target).
# TODO(ox-check-runner): even after a `cargo ox-run` helper absorbs the
# skip/splat preamble, this recipe stays multi-step: per-crate
# iteration over library targets, cargo-metadata-driven opt-outs
# (publish=false, [package.metadata.ox-gen-readme] disable), per-crate
# Push-Location into the crate dir (cargo-doc2readme is CWD-sensitive
# rather than --manifest-path-driven), and per-crate template-path
# resolution. The OX_CHECK_INCLUDE_MODIFIED value would still need to
# be intersected with the lib-crate set rather than splatted into cargo.
[script("pwsh")]
ox-check-readme-check: (_ox-check-require "cargo-doc2readme")
    $ErrorActionPreference = 'Stop'
    if ($env:OX_CHECK_INCLUDE_MODIFIED -eq '--skip') {
        Write-Host 'ox-check-readme-check: no modified packages; skipping'
        exit 0
    }
    # Detect a workspace-level README template. Two conventional
    # locations: crates/README.j2 (cargo-workspaces idiom) or
    # README.j2 at repo root.
    $template = $null
    foreach ($candidate in 'crates/README.j2', 'README.j2') {
        if (Test-Path $candidate) { $template = (Resolve-Path $candidate).Path; break }
    }
    # Iterate library crates. Filter by impact set when set, then drop
    # bin-only crates and opt-outs.
    $pkg = @(if ($env:OX_CHECK_INCLUDE_MODIFIED) { -split $env:OX_CHECK_INCLUDE_MODIFIED } else { '--workspace' })
    $meta = cargo metadata --no-deps --format-version 1 | ConvertFrom-Json
    $byName = @{}
    foreach ($p in $meta.packages) { $byName[$p.name] = $p }
    $candidates = if ($pkg -contains '--workspace') {
        @($meta.packages | ForEach-Object { $_.name })
    } else {
        $names = @()
        for ($i = 0; $i -lt $pkg.Count; $i++) {
            if ($pkg[$i] -eq '--package' -and ($i + 1) -lt $pkg.Count) {
                $names += $pkg[$i + 1]; $i++
            }
        }
        $names
    }
    $hadFailure = $false
    foreach ($name in $candidates) {
        $p = $byName[$name]
        if (-not $p) { continue }
        if (-not ($p.targets | Where-Object { $_.kind -contains 'lib' })) { continue }
        # Skip private crates (publish = false). They aren't released
        # and rarely have a polished README. Mirrors the
        # `cargo workspaces exec --ignore-private` idiom adopters
        # commonly use.
        if ($p.publish -is [array] -and $p.publish.Count -eq 0) {
            Write-Host "ox-check-readme-check: $name (skipped: publish = false)"
            continue
        }
        $disabled = $false
        if ($p.metadata -and $p.metadata.'ox-gen-readme' -and $p.metadata.'ox-gen-readme'.disable) {
            $disabled = $true
        }
        if ($disabled) {
            Write-Host "ox-check-readme-check: $name (opted out via [package.metadata.ox-gen-readme])"
            continue
        }
        Write-Host "ox-check-readme-check: $name"
        # cargo doc2readme writes / compares relative to its CWD (not
        # --manifest-path), so chdir into the crate before invoking
        # --check. We also compute a per-crate relative path to the
        # workspace-level template so the same template file works for
        # every crate (parallels the cargo-workspaces idiom).
        $crateDir = Split-Path -Parent $p.manifest_path
        Push-Location $crateDir
        try {
            $relTemplate = if ($template) {
                Resolve-Path -Relative -LiteralPath $template
            } else {
                $null
            }
            $args = @('doc2readme', '--check')
            if ($relTemplate) { $args += @('--template', $relTemplate) }
            & cargo @args
            if ($LASTEXITCODE -ne 0) { $hadFailure = $true }
        } finally {
            Pop-Location
        }
    }
    if ($hadFailure) { exit 1 }

# Modified tier.
#
# cargo-spellcheck reads a Hunspell-compatible dictionary file at the
# path configured in spellcheck.toml (typically `extra_dictionaries =
# ["target/spelling.dic"]`). The convention used by the surveyed
# Microsoft Rust repos is to keep the *source* word list in a
# human-edited `.spelling` file at the repo root and preprocess it
# into the .dic format at check time (Hunspell .dic requires:
# alphabetical sort, blank/numeric lines removed, line-count header).
# If `.spelling` is present, we generate `target/spelling.dic` from it
# automatically; otherwise we run cargo-spellcheck against whatever
# the repo has already set up.
[script("pwsh")]
ox-check-spellcheck: (_ox-check-require "cargo-spellcheck")
    $ErrorActionPreference = 'Stop'
    if ($env:OX_CHECK_INCLUDE_MODIFIED -eq '--skip') {
        Write-Host 'ox-check-spellcheck: no modified packages; skipping'
        exit 0
    }
    if (Test-Path '.spelling') {
        $output_file = 'target/spelling.dic'
        $lines = Get-Content '.spelling' | Sort-Object
        $filtered_lines = $lines | Where-Object { $_ -notmatch '^\d+$' -and $_ -ne '' }
        $line_count = $filtered_lines.Count
        [System.IO.Directory]::CreateDirectory([System.IO.Path]::GetDirectoryName($output_file)) | Out-Null
        @($line_count) + $filtered_lines | Set-Content $output_file
    }
    # Pass --cfg explicitly when a spellcheck.toml exists at repo root,
    # otherwise cargo-spellcheck falls back to its built-in defaults and
    # ignores user-curated dictionaries (`extra_dictionaries`, custom
    # hunspell langs, etc.).
    if (Test-Path 'spellcheck.toml') {
        cargo spellcheck --cfg spellcheck.toml check --code 1
    } else {
        cargo spellcheck check --code 1
    }
    if ($LASTEXITCODE -ne 0) { exit $LASTEXITCODE }

# Unscoped (PR title is not source-related).
[script("pwsh")]
ox-check-pr-title: (_ox-check-require "pwsh")
    $title = $env:PR_TITLE
    if (-not $title) { $title = git log -1 --pretty=%s HEAD }
    if ($title -notmatch '^(feat|fix|chore|docs|refactor|test|build|ci|perf|revert)(\([^)]+\))?!?: .+') {
        Write-Error "PR title '$title' does not match Conventional Commits"
        exit 1
    }

# Unscoped (consults external advisory DB; reads Cargo.lock, not
# workspace members). Single command — inherits adopter's default shell.
ox-check-deny: (_ox-check-require "cargo-deny")
    cargo deny check

# Unscoped (consults external advisory DB; reads Cargo.lock).
ox-check-audit: (_ox-check-require "cargo-audit")
    cargo audit

# Required tier. cargo-udeps detects unused dependencies by resolving
# the full crate graph and seeing which deps are referenced; that's
# precisely what the required tier is for. Pinned to the general
# nightly defined in versions.just.
[script("pwsh")]
ox-check-udeps: (_ox-check-require "cargo-udeps")
    $ErrorActionPreference = 'Stop'
    if ($env:OX_CHECK_INCLUDE_REQUIRED -eq '--skip') { exit 0 }
    & cargo '+{{ rust_nightly }}' udeps @(-split ($env:OX_CHECK_INCLUDE_REQUIRED ?? "--workspace")) --all-targets --all-features
    if ($LASTEXITCODE -ne 0) { exit $LASTEXITCODE }

# Affected tier (compares published API of changed crates against the
# baseline; only changed crates' surface is at risk).
#
# Several real-world conditions produce errors that aren't actually
# SemVer violations:
#   - bin-only crates have no API to compare ("no library targets found").
#   - crates not yet published to crates.io ("not found in registry").
#   - crates where the published baseline lacks a lib target the
#     current source has (bin -> bin+lib transition).
# We pre-filter to library-bearing crates from cargo metadata, then
# run cargo-semver-checks per-package and tolerate the
# "no-comparable-baseline" failure modes.
#
# Findings policy: this recipe is *advisory*. Real SemVer findings do
# NOT fail the recipe -- breaking changes between unreleased commits
# are normal (the major-version bump happens at release time, not on
# every PR). Instead, when there are findings we write a markdown
# advisory body to `target/ox-check/comments/semver.md`; when the
# tree is clean we remove that file. CI wiring (GH:
# marocchino/sticky-pull-request-comment; ADO: pwsh + REST API)
# inspects the file after the recipe and upserts / clears a sticky
# PR comment accordingly. Local invocation gets the same file
# written under target/ for inspection.
#
# TODO(ox-check-runner): even after a `cargo ox-run` helper absorbs the
# skip/splat preamble, this recipe stays multi-step: cargo-metadata
# filter to library crates (cargo-semver-checks --workspace fails on
# bin-only workspaces), intersect OX_CHECK_INCLUDE_AFFECTED with that
# set, then per-crate invocation with selective error tolerance for
# unpublished crates ("not found in registry") and bin->bin+lib
# transitions ("no library targets found").
[script("pwsh")]
ox-check-semver-check: (_ox-check-require "cargo-semver-checks")
    $ErrorActionPreference = 'Stop'
    $commentFile = 'target/ox-check/comments/semver.md'
    if ($env:OX_CHECK_INCLUDE_AFFECTED -eq '--skip') {
        Write-Host 'ox-check-semver-check: no affected packages; skipping'
        Remove-Item -LiteralPath $commentFile -ErrorAction SilentlyContinue
        exit 0
    }
    $pkg = @(if ($env:OX_CHECK_INCLUDE_AFFECTED) { -split $env:OX_CHECK_INCLUDE_AFFECTED } else { '--workspace' })
    # Build the candidate package list. Always iterate per-package over
    # library crates only -- cargo-semver-checks --workspace would fail
    # on workspaces that contain bin-only crates ("no library targets
    # found"), and we want the same tolerance for unpublished / bin->lib-
    # transition crates regardless of whether we got here via impact-
    # scoping (CI) or full-workspace fallback (local).
    $libPkgs = @{}
    $meta = cargo metadata --no-deps --format-version 1 | ConvertFrom-Json
    foreach ($p in $meta.packages) {
        if ($p.targets | Where-Object { $_.kind -contains 'lib' }) {
            $libPkgs[$p.name] = $true
        }
    }
    if ($pkg -contains '--workspace') {
        $packages = @($libPkgs.Keys)
    } else {
        $packages = @()
        for ($i = 0; $i -lt $pkg.Count; $i++) {
            if ($pkg[$i] -eq '--package' -and ($i + 1) -lt $pkg.Count) {
                if ($libPkgs[$pkg[$i + 1]]) { $packages += $pkg[$i + 1] }
                $i++
            }
        }
    }
    if ($packages.Count -eq 0) {
        Write-Host 'ox-check-semver-check: no affected library crates; skipping'
        Remove-Item -LiteralPath $commentFile -ErrorAction SilentlyContinue
        exit 0
    }
    $findings = New-Object System.Collections.Generic.List[string]
    foreach ($p in $packages) {
        Write-Host "ox-check-semver-check: $p"
        $output = (& cargo semver-checks --package $p 2>&1) | Out-String
        if ($LASTEXITCODE -ne 0) {
            if ($output -match 'not found in registry|no library targets found') {
                Write-Host "  $p has no comparable baseline; skipping (likely unpublished or bin->lib transition)" -ForegroundColor Yellow
            } else {
                Write-Host $output
                # Append a per-crate findings block. Using one-line-at-a-time
                # appends keeps the markdown free of pwsh backtick-escape
                # gymnastics (single-quoted literals + the natural `n join
                # produce clean LF newlines and unambiguous triple-backticks).
                $findings.Add('### `' + $p + '`') | Out-Null
                $findings.Add('') | Out-Null
                $findings.Add('```') | Out-Null
                foreach ($line in ($output.TrimEnd() -split "`r?`n")) {
                    $findings.Add($line.TrimEnd()) | Out-Null
                }
                $findings.Add('```') | Out-Null
                $findings.Add('') | Out-Null
            }
        }
    }
    [System.IO.Directory]::CreateDirectory((Split-Path -Parent $commentFile)) | Out-Null
    if ($findings.Count -gt 0) {
        # Body starts with an HTML-comment marker so the ADO wiring can
        # locate the existing thread on subsequent runs (ADO has no
        # native "sticky comment header"; the marker is invisible to
        # human readers). Marocchino on GH uses its own `header:` input
        # and ignores the marker, but having it in the body keeps a
        # single source of truth across backends.
        $lines = New-Object System.Collections.Generic.List[string]
        $lines.Add('<!-- ox-check-semver -->') | Out-Null
        $lines.Add('## :warning: Potential breaking changes detected') | Out-Null
        $lines.Add('') | Out-Null
        $lines.Add('`cargo semver-checks` flagged the following on this PR. This is **informational** -- breaking changes between commits are expected; the major-version bump happens at release time, not on every PR.') | Out-Null
        $lines.Add('') | Out-Null
        foreach ($f in $findings) { $lines.Add($f) | Out-Null }
        $body = ($lines -join "`n") + "`n"
        Set-Content -LiteralPath $commentFile -Value $body -Encoding UTF8 -NoNewline
        Write-Host ''
        Write-Host "ox-check-semver-check: wrote advisory comment to $commentFile (recipe exits 0; CI will upsert a PR comment)" -ForegroundColor Yellow
    } else {
        Remove-Item -LiteralPath $commentFile -ErrorAction SilentlyContinue
    }
    # Advisory: always exit 0. CI wiring posts/clears the PR comment.
    exit 0

# Affected tier (lints public API of changed crates and rev-deps).
#
# cargo-check-external-types is per-manifest: no --package/--workspace,
# only --manifest-path. Iterate the affected library crates and run
# the tool once each, pointing at the crate's Cargo.toml. Bin-only
# crates have no public API surface and are skipped.
# TODO(ox-check-runner): even after a `cargo ox-run` helper absorbs the
# skip/splat preamble, this recipe stays multi-step: cargo-check-
# external-types is per-manifest (no --package/--workspace), so we
# build a name->manifest map from cargo metadata, filter to lib crates,
# intersect with OX_CHECK_INCLUDE_AFFECTED, and call the tool once per
# crate. Hard-fails on errors (no tolerance, unlike semver-check).
[script("pwsh")]
ox-check-external-types: (_ox-check-require "cargo-check-external-types")
    $ErrorActionPreference = 'Stop'
    if ($env:OX_CHECK_INCLUDE_AFFECTED -eq '--skip') {
        Write-Host 'ox-check-external-types: no affected packages; skipping'
        exit 0
    }
    $pkg = @(if ($env:OX_CHECK_INCLUDE_AFFECTED) { -split $env:OX_CHECK_INCLUDE_AFFECTED } else { '--workspace' })
    # Build pkg-name -> manifest-path map, restricted to library crates.
    $libPkgs = @{}
    $meta = cargo metadata --no-deps --format-version 1 | ConvertFrom-Json
    foreach ($p in $meta.packages) {
        if ($p.targets | Where-Object { $_.kind -contains 'lib' }) {
            $libPkgs[$p.name] = $p.manifest_path
        }
    }
    # Decide which packages to check.
    $packages = @()
    if ($pkg -contains '--workspace') {
        $packages = $libPkgs.Keys
    } else {
        for ($i = 0; $i -lt $pkg.Count; $i++) {
            if ($pkg[$i] -eq '--package' -and ($i + 1) -lt $pkg.Count) {
                if ($libPkgs.ContainsKey($pkg[$i + 1])) { $packages += $pkg[$i + 1] }
                $i++
            }
        }
    }
    if ($packages.Count -eq 0) {
        Write-Host 'ox-check-external-types: no affected library crates; skipping'
        exit 0
    }
    $failed = $false
    foreach ($p in $packages) {
        Write-Host "ox-check-external-types: $p"
        # cargo-check-external-types requires nightly rustdoc (uses
        # unstable -Z flags) AND pins a specific rustdoc-types schema
        # version. We pin nightly narrowly to the schema this tool
        # version expects via `rust_nightly_external_types` in
        # versions.just — bump that pin alongside any cargo-check-
        # external-types upgrade. No tolerance for schema mismatches:
        # if it fails, the pin or the tool needs to move.
        & cargo '+{{ rust_nightly_external_types }}' check-external-types --manifest-path $libPkgs[$p]
        if ($LASTEXITCODE -ne 0) { $failed = $true }
    }
    if ($failed) { exit 1 }

# Unscoped (consults external risk DB).
ox-check-aprz: (_ox-check-require "cargo-aprz")
    cargo aprz deps --error-if-high-risk --console appraisal

# === pr-test members ====================================================

# Affected tier.
[script("pwsh")]
ox-check-llvm-cov: (_ox-check-require "cargo-llvm-cov") (_ox-check-require "cargo-nextest")
    $ErrorActionPreference = 'Stop'
    if ($env:OX_CHECK_INCLUDE_AFFECTED -eq '--skip') {
        Write-Host 'ox-check-llvm-cov: no affected packages; skipping'
        exit 0
    }
    $pkg = @(if ($env:OX_CHECK_INCLUDE_AFFECTED) { -split $env:OX_CHECK_INCLUDE_AFFECTED } else { '--workspace' })
    # cargo-llvm-cov doesn't work on aarch64-pc-windows-msvc: the
    # llvm-profdata that ships with the rust toolchain there fails
    # to merge the .profraw set ("no profile can be merged"). Fall
    # back to plain `cargo nextest run` on that target so we still
    # get test execution; coverage data from this leg wouldn't have
    # been used anyway (coverage upload is gated on Linux only).
    if ($IsWindows -and ($env:PROCESSOR_ARCHITECTURE -eq 'ARM64' -or $env:PROCESSOR_ARCHITEW6432 -eq 'ARM64')) {
        Write-Host 'ox-check-llvm-cov: aarch64-pc-windows-msvc — skipping coverage; running plain nextest'
        & cargo nextest run @pkg --all-features --locked
        exit $LASTEXITCODE
    }
    # cargo llvm-cov writes the .profraw set into target/llvm-cov-target/
    # but the *report* output directory (target/coverage/) is something
    # we choose and must exist before --output-path runs.
    [System.IO.Directory]::CreateDirectory('target/coverage') | Out-Null
    [System.IO.Directory]::CreateDirectory('target/coverage/html') | Out-Null
    # Wipe stale .profraw data so the report reflects only this run.
    cargo llvm-cov clean --workspace --profraw-only
    if ($LASTEXITCODE -ne 0) { exit $LASTEXITCODE }
    # Instrument and run tests; defer report generation so we can emit
    # multiple formats from the same profraw set without re-running.
    & cargo llvm-cov nextest @pkg --all-features --locked --no-report
    if ($LASTEXITCODE -ne 0) { exit $LASTEXITCODE }
    # lcov.info feeds Codecov on GitHub; cobertura.xml feeds
    # PublishCodeCoverageResults@2 on Azure DevOps.
    cargo llvm-cov report --lcov      --output-path target/coverage/lcov.info
    if ($LASTEXITCODE -ne 0) { exit $LASTEXITCODE }
    cargo llvm-cov report --cobertura --output-path target/coverage/cobertura.xml
    if ($LASTEXITCODE -ne 0) { exit $LASTEXITCODE }
    # Local-only HTML viewer (no CI consumer); cheap once the data exists.
    cargo llvm-cov report --html      --output-dir target/coverage/html
    if ($LASTEXITCODE -ne 0) { exit $LASTEXITCODE }

# Affected tier.
[script("pwsh")]
ox-check-doc-test:
    $ErrorActionPreference = 'Stop'
    if ($env:OX_CHECK_INCLUDE_AFFECTED -eq '--skip') { exit 0 }
    & cargo test --doc @(-split ($env:OX_CHECK_INCLUDE_AFFECTED ?? "--workspace")) --all-features --locked
    if ($LASTEXITCODE -ne 0) { exit $LASTEXITCODE }

# Affected tier.
[script("pwsh")]
ox-check-examples:
    $ErrorActionPreference = 'Stop'
    if ($env:OX_CHECK_INCLUDE_AFFECTED -eq '--skip') { exit 0 }
    & cargo build @(-split ($env:OX_CHECK_INCLUDE_AFFECTED ?? "--workspace")) --examples --all-features --locked
    if ($LASTEXITCODE -ne 0) { exit $LASTEXITCODE }

# === pr-mutants members =================================================

# Affected tier. cargo-mutants does its own diff-scoping via --in-diff;
# the affected-tier guard is the wiring-layer's coarse filter (if no
# affected packages exist, the entire mutants run is pointless).
[script("pwsh")]
ox-check-mutants: (_ox-check-require "cargo-mutants")
    $ErrorActionPreference = 'Stop'
    if ($env:OX_CHECK_INCLUDE_AFFECTED -eq '--skip') {
        Write-Host 'ox-check-mutants: no affected packages; skipping'
        exit 0
    }
    # Resolve BASE_REF: env override > origin/main > origin/master.
    $base = $null
    if ($env:BASE_REF) {
        $base = $env:BASE_REF
    } else {
        foreach ($candidate in @('origin/main', 'origin/master')) {
            git rev-parse --verify $candidate 2>$null | Out-Null
            if ($LASTEXITCODE -eq 0) {
                $base = $candidate
                break
            }
        }
    }
    if (-not $base) {
        Write-Error 'ox-check-mutants: no BASE_REF set and neither origin/main nor origin/master is available. Set BASE_REF to the branch to diff against.'
        exit 1
    }
    # cargo-mutants --in-diff takes a FILE path containing a unified
    # diff, not a git revision range. Write the diff to a temp file
    # first. RUNNER_TEMP (GH) and AGENT_TEMPDIRECTORY (ADO) point at
    # the job's scratch dir; fall back to the system temp dir locally.
    $tmp_dir = $env:RUNNER_TEMP
    if (-not $tmp_dir) { $tmp_dir = $env:AGENT_TEMPDIRECTORY }
    if (-not $tmp_dir) { $tmp_dir = [System.IO.Path]::GetTempPath() }
    $diff_path = Join-Path $tmp_dir 'ox-check-mutants.diff'
    git diff "$base..HEAD" --output=$diff_path
    if ($LASTEXITCODE -ne 0) { exit $LASTEXITCODE }
    cargo mutants --in-diff $diff_path --no-shuffle --jobs 0
    if ($LASTEXITCODE -ne 0) { exit $LASTEXITCODE }

# === nightly-runtime members ============================================

# Nightly checks always run full-workspace; impact env vars aren't set
# by the scheduled workflow, so the affected-tier default (--workspace)
# applies. Skip guards are still included for local diff-scoped runs.

[script("pwsh")]
ox-check-miri:
    $ErrorActionPreference = 'Stop'
    if ($env:OX_CHECK_INCLUDE_AFFECTED -eq '--skip') { exit 0 }
    & cargo '+{{ rust_nightly }}' miri nextest run @(-split ($env:OX_CHECK_INCLUDE_AFFECTED ?? "--workspace"))
    if ($LASTEXITCODE -ne 0) { exit $LASTEXITCODE }

[script("pwsh")]
ox-check-careful: (_ox-check-require "cargo-careful")
    $ErrorActionPreference = 'Stop'
    if ($env:OX_CHECK_INCLUDE_AFFECTED -eq '--skip') { exit 0 }
    & cargo '+{{ rust_nightly }}' careful test @(-split ($env:OX_CHECK_INCLUDE_AFFECTED ?? "--workspace")) --all-features --locked
    if ($LASTEXITCODE -ne 0) { exit $LASTEXITCODE }

# === nightly-exhaustive members =========================================

# Unscoped. Scheduled-exhaustive deliberately runs over the whole
# workspace regardless of diff.
ox-check-mutants-full: (_ox-check-require "cargo-mutants")
    cargo mutants --workspace --no-shuffle --jobs 0

# Required tier. cargo-hack's feature powerset cascades through dep
# features, so the required set (workspace-internal transitive deps)
# is the right scope.
[script("pwsh")]
ox-check-cargo-hack: (_ox-check-require "cargo-hack")
    $ErrorActionPreference = 'Stop'
    if ($env:OX_CHECK_INCLUDE_REQUIRED -eq '--skip') { exit 0 }
    & cargo hack @(-split ($env:OX_CHECK_INCLUDE_REQUIRED ?? "--workspace")) --feature-powerset --depth 2 check
    if ($LASTEXITCODE -ne 0) { exit $LASTEXITCODE }

# Affected tier.
[script("pwsh")]
ox-check-bench:
    $ErrorActionPreference = 'Stop'
    if ($env:OX_CHECK_INCLUDE_AFFECTED -eq '--skip') { exit 0 }
    & cargo bench @(-split ($env:OX_CHECK_INCLUDE_AFFECTED ?? "--workspace")) --all-features --no-run
    if ($LASTEXITCODE -ne 0) { exit $LASTEXITCODE }
    if ($LASTEXITCODE -ne 0) { exit $LASTEXITCODE }

=== justfiles/ox-check/groups.just ===
# Copyright (c) Microsoft Corporation.
# Licensed under the MIT License.
# Owned by cargo-ox-check; edit via `cargo ox-check update`.
# See ../../docs/design/checks.md for the catalog and rationale.

# Each group is one CI job. Within a group, checks run sequentially.

# === PR groups ==========================================================

[group("ox-check")]
ox-check-pr-fast: \
    ox-check-fmt \
    ox-check-clippy \
    ox-check-cargo-sort \
    ox-check-license-headers \
    ox-check-ensure-no-cyclic-deps \
    ox-check-ensure-no-default-features \
    ox-check-doc-build \
    ox-check-readme-check \
    ox-check-spellcheck \
    ox-check-pr-title \
    ox-check-deny \
    ox-check-audit \
    ox-check-udeps \
    ox-check-semver-check \
    ox-check-aprz

[group("ox-check")]
ox-check-pr-test: \
    ox-check-llvm-cov \
    ox-check-doc-test \
    ox-check-examples

[group("ox-check")]
ox-check-pr-mutants: ox-check-mutants

# === Scheduled groups =====================================================

[group("ox-check")]
ox-check-scheduled-test: \
    ox-check-llvm-cov \
    ox-check-doc-test \
    ox-check-examples

[group("ox-check")]
ox-check-scheduled-advisories: \
    ox-check-deny \
    ox-check-audit \
    ox-check-aprz \
    ox-check-clippy \
    ox-check-external-types

[group("ox-check")]
ox-check-scheduled-runtime: \
    ox-check-miri \
    ox-check-careful

[group("ox-check")]
ox-check-scheduled-exhaustive: \
    ox-check-mutants-full \
    ox-check-cargo-hack \
    ox-check-bench

=== justfiles/ox-check/mod.just ===
# Copyright (c) Microsoft Corporation.
# Licensed under the MIT License.
# Owned by cargo-ox-check; edit via `cargo ox-check update`.
# Entry point for the ox-check just recipe tree. The user's root Justfile
# imports this single file; everything else lives in sibling .just files
# pulled in here.

# All multi-statement recipes in this tree use [script("pwsh")]. pwsh
# is preinstalled on Windows (10+), GH/ADO hosted Linux + Windows
# runners, and is installable on macOS/Linux via Homebrew / upstream
# installer. We chose pwsh over bash because:
#
#   - just's shebang dispatch (#!/usr/bin/env bash) requires `cygpath`
#     on Windows, which is only on PATH inside Git Bash. Plain
#     PowerShell can't run shebang recipes.
#   - just's [script("bash")] attribute passes Windows tempfile paths
#     to bash unescaped, and bash interprets the backslashes as escape
#     characters — every recipe fails with a mangled path.
#   - [script("pwsh")] works from plain PowerShell with no PATH
#     augmentation and no path translation. pwsh handles Windows
#     paths natively.
#
# The existing `_ox-check-require pwsh` recipe already established
# pwsh as a tools-floor requirement, so requiring it as the recipe
# interpreter is consistent.
#
# Single-command recipes (e.g. `cargo deny check`) are plain just
# recipes that inherit the adopter's default shell — they're
# shell-agnostic.
#
# IMPORTANT: [script(...)] requires `set unstable`. The adopter's
# root justfile must declare it (typically as a top-level line).
# ox-check's mod.just does NOT redeclare it, to avoid conflicting
# with adopters who already have it.

import 'checks.just'
import 'groups.just'
import 'tiers.just'
import 'tools.just'
import 'versions.just'

# Friendly default: `just ox-check` runs the PR tier.
alias ox-check := ox-check-pr

=== justfiles/ox-check/tiers.just ===
# Copyright (c) Microsoft Corporation.
# Licensed under the MIT License.
# Owned by cargo-ox-check; edit via `cargo ox-check update`.
# See ../../docs/design/checks.md for the tier structure.

# PR tier: every fast check that should run on every pull request.
[group("ox-check")]
ox-check-pr: \
    ox-check-pr-fast \
    ox-check-pr-test \
    ox-check-pr-mutants

# scheduled tier: slow / non-deterministic checks. Runs on a schedule against
# `main`, not on PRs.
[group("ox-check")]
ox-check-scheduled: \
    ox-check-scheduled-test \
    ox-check-scheduled-advisories \
    ox-check-scheduled-runtime \
    ox-check-scheduled-exhaustive

# Full tier: PR + scheduled, end-to-end. Useful before tagging a release.
[group("ox-check")]
ox-check-full: \
    ox-check-pr \
    ox-check-scheduled

=== justfiles/ox-check/tool-minimums.txt ===
# Copyright (c) Microsoft Corporation.
# Licensed under the MIT License.
# Owned by cargo-ox-check; edit via `cargo ox-check update`.
#
# Tool-version catalog consumed by `tools.just` recipes
# (_ox-check-require, ox-check-tools-install, ox-check-tools-check).
#
# Format: <cargo-subcommand-binary>=<minimum-version>
# One per line. Lines starting with `#` and blank lines are ignored.
# Versions are SemVer; comparison uses `sort -V` (so "1.2.10" > "1.2.9").
#
# To bump a minimum, edit the version in place. The dirty-file flow
# preserves the edit on subsequent `cargo ox-check update` runs.
# To add a new tool, append a line. To remove a tool, delete its line
# (and any recipe in checks.just that depends on it).
#
# Non-catalog dependencies (rustc, pwsh, just itself) are handled
# directly in tools.just rather than through this file — their
# install/upgrade paths are not cargo-managed.

cargo-aprz=1.0.0
cargo-audit=0.21.0
cargo-careful=0.4.9
cargo-check-external-types=0.4.0
cargo-delta=0.3.1
cargo-deny=0.19.0
cargo-doc2readme=0.6.4
cargo-ensure-no-cyclic-deps=0.2.0
cargo-ensure-no-default-features=1.0.0
cargo-hack=0.6.41
cargo-heather=0.1.0
cargo-llvm-cov=0.8.4
cargo-mutants=26.1.2
cargo-nextest=0.9.122
cargo-semver-checks=0.46.0
cargo-sort=2.0.2
cargo-spellcheck=0.15.1
cargo-udeps=0.1.60

=== justfiles/ox-check/tools.just ===
# Copyright (c) Microsoft Corporation.
# Licensed under the MIT License.
# Owned by cargo-ox-check; edit via `cargo ox-check update`.
# See ../../docs/design/local.md for the policy.

# Public: probe for system-level prerequisites that catalog tools need
# to BUILD from source. The `binstall` install path downloads pre-built
# binaries and does not need these, so this check is primarily relevant
# for the source-build `install` path (used by local devs and the ADO
# backend) and is best-effort (skipped silently) for `binstall`.
#
# Scope policy: only system libs that an ox-check catalog tool DIRECTLY
# requires. We do not try to be a general-purpose dev-env doctor.
# Current entries:
#   - libclang: required by cargo-spellcheck (clang-sys / hunspell-rs)
#     at build time.
#
# Detection uses presence-only probes (file existence in standard install
# dirs + `LIBCLANG_PATH` env var). No version checks -- system libs upgrade
# independently and any reasonably modern libclang works for clang-sys.
#
# On missing deps the recipe prints copy-paste install hints per OS /
# package manager and exits non-zero. No auto-install: admin / sudo and
# package-manager choice stay with the user.
[group("ox-check")]
[script("pwsh")]
ox-check-system-deps-check:
    $ErrorActionPreference = 'Stop'
    $missing = @()

    # libclang: required to BUILD cargo-spellcheck from source.
    $haveLibclang = $false
    $libclangFiles = @('libclang.dll', 'libclang.so', 'libclang.so.1', 'libclang.dylib')
    if ($env:LIBCLANG_PATH) {
        foreach ($f in $libclangFiles) {
            if (Test-Path (Join-Path $env:LIBCLANG_PATH $f)) { $haveLibclang = $true; break }
        }
    }
    if (-not $haveLibclang) {
        $probes = if ($IsWindows) {
            @(
                'C:\Program Files\LLVM\bin\libclang.dll',
                "$env:USERPROFILE\scoop\apps\llvm\current\bin\libclang.dll"
            )
        } elseif ($IsMacOS) {
            @(
                '/usr/local/opt/llvm/lib/libclang.dylib',
                '/opt/homebrew/opt/llvm/lib/libclang.dylib'
            )
        } else {
            @(
                '/usr/lib/x86_64-linux-gnu/libclang.so.1',
                '/usr/lib64/libclang.so',
                '/usr/lib64/libclang.so.1'
            )
        }
        foreach ($p in $probes) {
            if (Get-Item -LiteralPath $p -ErrorAction SilentlyContinue) { $haveLibclang = $true; break }
        }
        # Linux distros often add a version suffix (libclang-19.so etc.); glob fallback.
        if (-not $haveLibclang -and -not $IsWindows -and -not $IsMacOS) {
            $glob = Get-ChildItem -Path '/usr/lib','/usr/lib64','/usr/lib/x86_64-linux-gnu' -Filter 'libclang*.so*' -ErrorAction SilentlyContinue
            if ($glob) { $haveLibclang = $true }
        }
    }
    if (-not $haveLibclang) {
        $missing += [pscustomobject]@{
            name = 'libclang'
            why = 'cargo-spellcheck (clang-sys/hunspell-rs) needs libclang at build time'
            hints = @(
                'Linux (Ubuntu/Debian):    sudo apt-get install -y libclang-dev'
                'Linux (Azure Linux/RHEL): sudo tdnf install -y clang-devel'
                'macOS (homebrew):         brew install llvm'
                'Windows (scoop):          scoop install llvm     # no admin'
                'Windows (winget, admin):  winget install LLVM.LLVM'
            )
        }
    }

    if ($missing.Count -gt 0) {
        Write-Host ''
        foreach ($m in $missing) {
            Write-Host "ox-check: missing system dependency '$($m.name)'" -ForegroundColor Yellow
            Write-Host "  why: $($m.why)"
            Write-Host '  install:'
            foreach ($h in $m.hints) { Write-Host "    $h" }
            Write-Host ''
        }
        Write-Host "If the dep is installed but not on the standard search path, set LIBCLANG_PATH and re-run." -ForegroundColor Yellow
        exit 1
    }

# Public: assert that every catalog tool is present at or above its
# minimum version. Called by `ox-check-tools-check` and as a dependency
# of every check group via individual `_ox-check-require` invocations.
[group("ox-check")]
[script("pwsh")]
ox-check-tools-check:
    $ErrorActionPreference = 'Stop'
    $catalog = 'justfiles/ox-check/tool-minimums.txt'
    $fail = 0
    foreach ($line in Get-Content $catalog) {
        $trimmed = $line.Trim()
        if ($trimmed -eq '' -or $trimmed.StartsWith('#')) { continue }
        if ($trimmed -match '^([^=]+)=') {
            $tool = $Matches[1]
            & just _ox-check-require $tool
            if ($LASTEXITCODE -ne 0) { $fail = 1 }
        }
    }
    & just _ox-check-require rustc
    if ($LASTEXITCODE -ne 0) { $fail = 1 }
    exit $fail

# Public: install (or upgrade) every catalog tool to its minimum
# version. Idempotent — ``cargo install --locked`` is a no-op when
# the installed version already satisfies the requirement.
#
# `installer` selects the install backend:
#   - "install"  (default): ``cargo install --locked`` — pure-source
#     builds; works in any cargo environment, no extra runtime
#     dependencies. Slow (~30 minutes for the full catalog on a cold
#     runner). Used by ADO, where ``cargo-binstall`` has known
#     compliance issues for internal pipelines.
#   - "binstall": ``cargo binstall --no-confirm --locked`` — downloads
#     a pre-built binary from each tool's GitHub Releases when
#     available, falling back to ``cargo install`` per-tool when
#     not. Cuts catalog install time from ~30 min to ~1 min on a
#     cold runner. Requires ``cargo-binstall`` to be installed
#     beforehand. Used by the GitHub Actions setup action.
#
# Per-tool failures don't abort the whole install — a tool that
# doesn't build on the current host (e.g. cargo-mutants on
# aarch64-pc-windows-msvc, where the upstream winapi dep doesn't
# compile) shouldn't block other tools. Each failure is reported
# at the end; recipes that use the missing tool will get a clean
# error from ``_ox-check-require`` at recipe-run time. The recipe
# itself exits non-zero only if at least one install failed, so
# CI surfaces the problem.
[group("ox-check")]
[script("pwsh")]
ox-check-tools-install installer="install":
    $ErrorActionPreference = 'Continue'
    $installer = '{{installer}}'
    if ($installer -ne 'install' -and $installer -ne 'binstall') {
        Write-Error "ox-check-tools-install: unknown installer '$installer' (expected 'install' or 'binstall')"
        exit 2
    }
    # System-level prerequisites first -- the binstall path downloads
    # prebuilt binaries and does not need them, but the source-build
    # path does. Failing fast with a clear install hint is much better
    # than a cryptic clang-sys build error 10 minutes into the install.
    if ($installer -eq 'install') {
        & just ox-check-system-deps-check
        if ($LASTEXITCODE -ne 0) {
            Write-Error "ox-check-tools-install: system dependency check failed; install the missing libs and re-run."
            exit $LASTEXITCODE
        }
    }
    $catalog = 'justfiles/ox-check/tool-minimums.txt'
    $failed = [System.Collections.Generic.List[string]]::new()
    foreach ($line in Get-Content $catalog) {
        $trimmed = $line.Trim()
        if ($trimmed -eq '' -or $trimmed.StartsWith('#')) { continue }
        if ($trimmed -match '^([^=]+)=(.+)$') {
            $tool = $Matches[1]
            $min = $Matches[2]
            # Skip if the tool is already installed at or above the
            # required version. This is what makes the actions/cache
            # restore actually useful — without the early-exit, every
            # post-restore run would try to re-install on top of the
            # cached binaries and fail with "binary already exists in
            # destination". The `2>$null` swallows the help-text noise
            # _ox-check-require emits when the tool is missing.
            & just _ox-check-require $tool 2>$null
            if ($LASTEXITCODE -eq 0) {
                Write-Host "ox-check-tools-install ($installer): $tool >= $min (already satisfied)"
                continue
            }
            Write-Host "ox-check-tools-install ($installer): $tool >= $min"
            $installed = $false
            if ($installer -eq 'binstall') {
                cargo binstall --no-confirm --locked $tool --version ">=$min"
                if ($LASTEXITCODE -eq 0) {
                    $installed = $true
                } else {
                    Write-Host "  binstall failed for $tool; falling back to cargo install" -ForegroundColor Yellow
                    cargo install --locked $tool --version ">=$min"
                    if ($LASTEXITCODE -eq 0) { $installed = $true }
                }
            } else {
                cargo install --locked $tool --version ">=$min"
                if ($LASTEXITCODE -eq 0) { $installed = $true }
            }
            if (-not $installed) {
                Write-Host "ox-check-tools-install: $tool install FAILED (continuing)" -ForegroundColor Yellow
                $failed.Add($tool)
            }
        }
    }
    if ($failed.Count -gt 0) {
        Write-Host ""
        Write-Host "ox-check-tools-install: $($failed.Count) tool(s) failed to install:" -ForegroundColor Yellow
        foreach ($t in $failed) { Write-Host "  - $t" -ForegroundColor Yellow }
        Write-Host "Recipes that depend on these tools will fail at run time via _ox-check-require." -ForegroundColor Yellow
        exit 1
    }

# Internal: assert that `name` meets its catalog minimum (or, for tools
# not in the catalog, that it's at least present). Three lookup paths:
#
#   - "rustc": presence-only; the workspace's rust-toolchain.toml drives
#     the actual version requirement (rustup auto-installs).
#   - "pwsh": presence-only with a per-OS install hint.
#   - Anything else: looked up in tool-minimums.txt; if present, the
#     installed version is parsed from `cargo install --list` and
#     compared via the [version] type. If not in the catalog,
#     presence-only fallback (covers system binaries like `just`
#     itself, `git`).
[script("pwsh")]
_ox-check-require name:
    $ErrorActionPreference = 'Stop'
    $name = '{{name}}'
    $catalog = 'justfiles/ox-check/tool-minimums.txt'

    switch ($name) {
        'rustc' {
            if (-not (Get-Command rustc -ErrorAction SilentlyContinue)) {
                Write-Error 'ox-check: rustc not found. Install via rustup: https://rustup.rs'
                exit 1
            }
            exit 0
        }
        'pwsh' {
            if (-not (Get-Command pwsh -ErrorAction SilentlyContinue)) {
                $hint = if ($IsMacOS) {
                    'brew install --cask powershell'
                } elseif ($IsLinux) {
                    'see https://github.com/PowerShell/PowerShell'
                } else {
                    'winget install --id Microsoft.PowerShell'
                }
                Write-Error "ox-check: pwsh (PowerShell Core) not found. Install: $hint"
                exit 1
            }
            exit 0
        }
    }

    # Catalog lookup. Trim CRLF (Windows checkouts) and skip
    # comments / blank lines while we're at it.
    $spec = $null
    if (Test-Path $catalog) {
        foreach ($line in Get-Content $catalog) {
            $trimmed = $line.Trim()
            if ($trimmed -eq '' -or $trimmed.StartsWith('#')) { continue }
            $pattern = '^' + [regex]::Escape($name) + '=(.+)$'
            if ($trimmed -match $pattern) {
                $spec = $Matches[1]
                break
            }
        }
    }

    if (-not $spec) {
        # Not in catalog: presence-only fallback for tools we don't
        # version-gate (`just` itself, `git`, system binaries).
        if (-not (Get-Command $name -ErrorAction SilentlyContinue)) {
            Write-Error "ox-check: required tool '$name' not found. Install hint: cargo install --locked $name"
            exit 1
        }
        exit 0
    }

    $min = $spec
    # Parse `cargo install --list` for installed version. Lines look like:
    #   cargo-deny v0.18.5:
    #       cargo-deny
    $installed = $null
    $listPattern = '^' + [regex]::Escape($name) + ' v(\S+):'
    foreach ($line in (cargo install --list 2>$null)) {
        if ($line -match $listPattern) {
            $installed = $Matches[1]
            break
        }
    }

    if (-not $installed) {
        Write-Error "ox-check: '$name' not installed (need >=v$min). Install: cargo install --locked $name --version '>=$min'"
        exit 1
    }

    # SemVer comparison via the [version] type. Strip any pre-release
    # / build-metadata suffix (e.g. "1.2.3-alpha.4") for parsing —
    # [version] only handles dotted numeric components.
    $minClean = ($min -split '[-+]', 2)[0]
    $instClean = ($installed -split '[-+]', 2)[0]
    $minV = [version]$minClean
    $instV = [version]$instClean
    if ($instV -lt $minV) {
        Write-Error "ox-check: '$name' is at v$installed; need >=v$min. Upgrade: cargo install --locked $name --version '>=$min'"
        exit 1
    }

=== justfiles/ox-check/versions.just ===
# Copyright (c) Microsoft Corporation.
# Licensed under the MIT License.
# Owned by cargo-ox-check; edit via `cargo ox-check update`.
#
# Pinned toolchain versions used by the ox-check check tree.
#
# These are deliberately pinned (not floating). The cost of floating
# nightly is "rustup update on Tuesday breaks CI on Wednesday" — we'd
# rather move the pin deliberately than wake up to surprise red builds.
# See docs/design/local.md#nightly-pinning for the bump policy.
#
# Both ox-check recipes (via the `{{ var }}` interpolation below) and
# the setup-action / setup.yml composites (via `just --evaluate`) read
# these constants. There is exactly one source of truth.

# General nightly used by udeps, miri, careful, and any future
# nightly-dependent check. Bumped on a regular cadence (monthly is a
# reasonable default) when an adopter has time to absorb formatting /
# lint / API-surface drift. Pin only — do not use bare `nightly` here.
rust_nightly := "nightly-2026-02-10"

# Pinned narrowly to the rustdoc JSON schema version that the currently
# selected cargo-check-external-types release accepts. cargo-check-
# external-types embeds a specific rustdoc-types crate version; if the
# nightly's emitted JSON format_version drifts past it, every run fails
# with "produces JSON format version X, but this tool requires
# format version Y" — which is a tooling-incompat, not a real API
# violation. Bump this alongside any cargo-check-external-types upgrade.
rust_nightly_external_types := "nightly-2025-10-18"

=== rustfmt.toml ===
# >>> ox-check-managed: ox-check-rustfmt
edition = "2024"
max_width = 140
newline_style = "Unix"
use_field_init_shorthand = true
use_try_shorthand = true
# The following options require nightly rustfmt. ox-check-fmt invokes
# `cargo +{{ rust_nightly }} fmt`; see justfiles/ox-check/versions.just
# for the pin and docs/design/local.md#nightly-pinning for the policy.
unstable_features = true
# Format Rust code blocks inside `///` doc comments. Catches stale
# examples that drift from the prose.
format_code_in_doc_comments = true
# One use-statement per module (vs collapsed `a::{b, c, d}` form).
# Diffs touch only the lines that actually changed.
imports_granularity = "Module"
# Group imports: std, then external crates, then crate-internal. Matches
# the convention used across the surveyed Microsoft Rust repos.
group_imports = "StdExternalCrate"
# <<< ox-check-managed: ox-check-rustfmt

=== spellcheck.toml ===
# >>> ox-check-managed: ox-check-spellcheck
# Check spelling in code comments marked as dev/developer comments
# (e.g., `// TODO:`, `// FIXME:`). Set to false to skip them.
dev_comments = false

# Whether to skip spell checking README files. Set to false to include
# README files in spell checking.
skip_readme = false

[Hunspell]
# Language dictionary. "en_US" uses the built-in English (US) dictionary.
lang = "en_US"

# Directories searched for `extra_dictionaries` paths. The default
# repo-root entry lets adopters keep their custom dictionary next to
# the .spelling source.
search_dirs = ["."]

# Additional dictionary files loaded after the language dictionary.
# Format: first line is the word count, remaining lines are sorted
# words (one per line). `target/spelling.dic` is generated by the
# `ox-check-spellcheck` recipe from the repo's `.spelling` file.
extra_dictionaries = ["target/spelling.dic"]

# Don't consult OS-provided dictionaries. Keeps results consistent
# across Linux/macOS/Windows runners.
skip_os_lookups = true

# Use cargo-spellcheck's built-in language dictionaries (independent of
# system hunspell installation). Required for the cross-platform
# reproducibility guarantee above.
use_builtin = true

# Token-boundary characters. Override the upstream default to add
# typographic punctuation we use in prose (em-dash, en-dash, arrows,
# minus sign). Without these, cargo-spellcheck 0.15.7 tokenises text
# like `runtime — it` as three tokens including the em-dash itself,
# then fails its dictionary lookup and flags the em-dash as a
# "possible spelling mistake". Upstream default keeps figure-dash
# (U+2012) and the ASCII hyphen but omits the rest; this list is a
# superset, so the only behavioural change is that the added chars
# now act as token boundaries.
#
# Encoded as \uXXXX escapes for grep-ability and to keep the file
# 7-bit ASCII:
#   ASCII punctuation (default): ",;:.!?#(){}[]|/_-
#   Dashes & minus  : \u2012 figure-dash       (default)
#                     \u2013 en-dash           (added)
#                     \u2014 em-dash           (added)
#                     \u2015 horizontal-bar    (added)
#                     \u2212 minus-sign        (added)
#   Arrows          : \u2190 leftwards-arrow   (added)
#                     \u2192 rightwards-arrow  (added)
#   ASCII punctuation (default): ' ` & @
#   Misc (default)              : \u00A7 section, \u00B6 pilcrow, \u2026 ellipsis
tokenization_splitchars = "\",;:.!?#(){}[]|/_-\u2012\u2013\u2014\u2015\u2190\u2192\u2212'`&@\u00A7\u00B6\u2026"

[Hunspell.quirks]
# Treat CamelCase identifiers as concatenations of dictionary words
# (e.g., `TcpStream` = `Tcp` + `Stream`). Lowers false-positive rate
# substantially on Rust codebases.
allow_concatenation = true
# <<< ox-check-managed: ox-check-spellcheck
