---
source: crates/cargo_ox_check/tests/snapshots.rs
expression: render_tree(tmp.path())
---
=== .delta.toml ===
# >>> ox-check-managed: ox-check-delta
[delta]
# Include the workspace root files that should invalidate every member's
# impact analysis when changed (lockfile, root manifest, toolchain).
root-files = [
    "Cargo.lock",
    "Cargo.toml",
    "rust-toolchain.toml",
]
# <<< ox-check-managed: ox-check-delta

=== .github/actions/ox-check-impact/action.yml ===
# Copyright (c) Microsoft Corporation.
# Licensed under the MIT License.
# Owned by cargo-ox-check; edit via `cargo ox-check update`.
name: ox-check-impact
description: |
  Compute the cargo-delta impact set for this PR and emit per-tier
  include lists.

  Outputs:
    include_modified - "--package X --package Y" string for crates whose
                       source files changed in the diff, or "--skip" if
                       the modified set is empty.
    include_affected - same shape, for crates in the affected set
                       (modified ∪ rev-deps).
    include_required - same shape, for crates in the required set
                       (affected ∪ workspace-internal transitive deps).

  Recipes in checks.just interpret each variable per their tier:
  modified-tier recipes (fmt, license-headers, spellcheck, ...) short-
  circuit on "--skip"; affected-tier recipes (clippy, tests, ...) and
  required-tier recipes (doc, cargo-hack, udeps) splice their include
  list into the cargo invocation, defaulting to --workspace when unset
  (local runs without impact wiring).

  Unscoped recipes (deny, audit, aprz, pr-title) ignore all three
  variables and always run unconditionally.
outputs:
  include_modified:
    description: Pre-formatted --package args for the modified tier.
    value: ${{ steps.compute.outputs.include_modified }}
  include_affected:
    description: Pre-formatted --package args for the affected tier.
    value: ${{ steps.compute.outputs.include_affected }}
  include_required:
    description: Pre-formatted --package args for the required tier.
    value: ${{ steps.compute.outputs.include_required }}
runs:
  using: composite
  steps:
    - name: Install cargo-delta
      shell: bash
      run: cargo install --locked cargo-delta
    - id: compute
      name: Compute impact
      shell: bash
      run: |
        set -euo pipefail
        base="${BASE_REF:-${GITHUB_BASE_REF:-origin/main}}"
        # cargo delta impact handles a missing/empty .delta.toml
        # gracefully via its own defaults. The JSON output names the
        # crate sets directly; we format each into the --package args
        # shape recipes expect, with "--skip" as the empty-set sentinel.
        result="$(cargo delta impact --base "$base" --format json 2>/dev/null || echo '{}')"
        format_set() {
            local field="$1"
            local pkgs
            pkgs=$(printf '%s' "$result" | jq -r --arg f "$field" '(.[$f] // []) | .[]' 2>/dev/null || true)
            if [ -z "$pkgs" ] ; then
                printf '%s' "--skip"
            else
                local out=""
                while IFS= read -r pkg ; do
                    [ -z "$pkg" ] && continue
                    out="$out --package $pkg"
                done <<EOF
        $pkgs
        EOF
                # shellcheck disable=SC2001
                printf '%s' "${out# }"
            fi
        }
        echo "include_modified=$(format_set modified)" >> "$GITHUB_OUTPUT"
        echo "include_affected=$(format_set affected)" >> "$GITHUB_OUTPUT"
        echo "include_required=$(format_set required)" >> "$GITHUB_OUTPUT"

=== .github/actions/ox-check-nightly-advisories/action.yml ===
# Copyright (c) Microsoft Corporation.
# Licensed under the MIT License.
# Owned by cargo-ox-check; edit via `cargo ox-check update`.
# The token nightly-advisories is substituted by cargo-ox-check at emit time with
# the concrete check-group name (pr-fast, pr-test, nightly-runtime, ...).
name: ox-check-nightly-advisories
description: Run the nightly-advisories check group.
inputs:
  include_modified:
    description: |
      Pre-formatted --package args (e.g. "--package alpha --package beta")
      for the modified tier, or the sentinel "--skip" when nothing
      modified. Local invocations leave it unset; recipes default to
      --workspace.
    default: ""
    required: false
  include_affected:
    description: |
      Same shape as include_modified, but for the affected tier
      (modified ∪ rev-deps).
    default: ""
    required: false
  include_required:
    description: |
      Same shape as include_modified, but for the required tier
      (affected ∪ workspace-internal transitive deps).
    default: ""
    required: false
runs:
  using: composite
  steps:
    - uses: ./.github/actions/ox-check-setup
    - name: Run just ox-check-nightly-advisories
      shell: bash
      env:
        OX_CHECK_INCLUDE_MODIFIED: ${{ inputs.include_modified }}
        OX_CHECK_INCLUDE_AFFECTED: ${{ inputs.include_affected }}
        OX_CHECK_INCLUDE_REQUIRED: ${{ inputs.include_required }}
      run: just ox-check-nightly-advisories

=== .github/actions/ox-check-nightly-exhaustive/action.yml ===
# Copyright (c) Microsoft Corporation.
# Licensed under the MIT License.
# Owned by cargo-ox-check; edit via `cargo ox-check update`.
# The token nightly-exhaustive is substituted by cargo-ox-check at emit time with
# the concrete check-group name (pr-fast, pr-test, nightly-runtime, ...).
name: ox-check-nightly-exhaustive
description: Run the nightly-exhaustive check group.
inputs:
  include_modified:
    description: |
      Pre-formatted --package args (e.g. "--package alpha --package beta")
      for the modified tier, or the sentinel "--skip" when nothing
      modified. Local invocations leave it unset; recipes default to
      --workspace.
    default: ""
    required: false
  include_affected:
    description: |
      Same shape as include_modified, but for the affected tier
      (modified ∪ rev-deps).
    default: ""
    required: false
  include_required:
    description: |
      Same shape as include_modified, but for the required tier
      (affected ∪ workspace-internal transitive deps).
    default: ""
    required: false
runs:
  using: composite
  steps:
    - uses: ./.github/actions/ox-check-setup
    - name: Run just ox-check-nightly-exhaustive
      shell: bash
      env:
        OX_CHECK_INCLUDE_MODIFIED: ${{ inputs.include_modified }}
        OX_CHECK_INCLUDE_AFFECTED: ${{ inputs.include_affected }}
        OX_CHECK_INCLUDE_REQUIRED: ${{ inputs.include_required }}
      run: just ox-check-nightly-exhaustive

=== .github/actions/ox-check-nightly-runtime/action.yml ===
# Copyright (c) Microsoft Corporation.
# Licensed under the MIT License.
# Owned by cargo-ox-check; edit via `cargo ox-check update`.
# The token nightly-runtime is substituted by cargo-ox-check at emit time with
# the concrete check-group name (pr-fast, pr-test, nightly-runtime, ...).
name: ox-check-nightly-runtime
description: Run the nightly-runtime check group.
inputs:
  include_modified:
    description: |
      Pre-formatted --package args (e.g. "--package alpha --package beta")
      for the modified tier, or the sentinel "--skip" when nothing
      modified. Local invocations leave it unset; recipes default to
      --workspace.
    default: ""
    required: false
  include_affected:
    description: |
      Same shape as include_modified, but for the affected tier
      (modified ∪ rev-deps).
    default: ""
    required: false
  include_required:
    description: |
      Same shape as include_modified, but for the required tier
      (affected ∪ workspace-internal transitive deps).
    default: ""
    required: false
runs:
  using: composite
  steps:
    - uses: ./.github/actions/ox-check-setup
    - name: Run just ox-check-nightly-runtime
      shell: bash
      env:
        OX_CHECK_INCLUDE_MODIFIED: ${{ inputs.include_modified }}
        OX_CHECK_INCLUDE_AFFECTED: ${{ inputs.include_affected }}
        OX_CHECK_INCLUDE_REQUIRED: ${{ inputs.include_required }}
      run: just ox-check-nightly-runtime

=== .github/actions/ox-check-nightly-test/action.yml ===
# Copyright (c) Microsoft Corporation.
# Licensed under the MIT License.
# Owned by cargo-ox-check; edit via `cargo ox-check update`.
# The token nightly-test is substituted by cargo-ox-check at emit time with
# the concrete check-group name (pr-fast, pr-test, nightly-runtime, ...).
name: ox-check-nightly-test
description: Run the nightly-test check group.
inputs:
  include_modified:
    description: |
      Pre-formatted --package args (e.g. "--package alpha --package beta")
      for the modified tier, or the sentinel "--skip" when nothing
      modified. Local invocations leave it unset; recipes default to
      --workspace.
    default: ""
    required: false
  include_affected:
    description: |
      Same shape as include_modified, but for the affected tier
      (modified ∪ rev-deps).
    default: ""
    required: false
  include_required:
    description: |
      Same shape as include_modified, but for the required tier
      (affected ∪ workspace-internal transitive deps).
    default: ""
    required: false
runs:
  using: composite
  steps:
    - uses: ./.github/actions/ox-check-setup
    - name: Run just ox-check-nightly-test
      shell: bash
      env:
        OX_CHECK_INCLUDE_MODIFIED: ${{ inputs.include_modified }}
        OX_CHECK_INCLUDE_AFFECTED: ${{ inputs.include_affected }}
        OX_CHECK_INCLUDE_REQUIRED: ${{ inputs.include_required }}
      run: just ox-check-nightly-test

=== .github/actions/ox-check-pr-fast/action.yml ===
# Copyright (c) Microsoft Corporation.
# Licensed under the MIT License.
# Owned by cargo-ox-check; edit via `cargo ox-check update`.
# The token pr-fast is substituted by cargo-ox-check at emit time with
# the concrete check-group name (pr-fast, pr-test, nightly-runtime, ...).
name: ox-check-pr-fast
description: Run the pr-fast check group.
inputs:
  include_modified:
    description: |
      Pre-formatted --package args (e.g. "--package alpha --package beta")
      for the modified tier, or the sentinel "--skip" when nothing
      modified. Local invocations leave it unset; recipes default to
      --workspace.
    default: ""
    required: false
  include_affected:
    description: |
      Same shape as include_modified, but for the affected tier
      (modified ∪ rev-deps).
    default: ""
    required: false
  include_required:
    description: |
      Same shape as include_modified, but for the required tier
      (affected ∪ workspace-internal transitive deps).
    default: ""
    required: false
runs:
  using: composite
  steps:
    - uses: ./.github/actions/ox-check-setup
    - name: Run just ox-check-pr-fast
      shell: bash
      env:
        OX_CHECK_INCLUDE_MODIFIED: ${{ inputs.include_modified }}
        OX_CHECK_INCLUDE_AFFECTED: ${{ inputs.include_affected }}
        OX_CHECK_INCLUDE_REQUIRED: ${{ inputs.include_required }}
      run: just ox-check-pr-fast

=== .github/actions/ox-check-pr-mutants/action.yml ===
# Copyright (c) Microsoft Corporation.
# Licensed under the MIT License.
# Owned by cargo-ox-check; edit via `cargo ox-check update`.
# The token pr-mutants is substituted by cargo-ox-check at emit time with
# the concrete check-group name (pr-fast, pr-test, nightly-runtime, ...).
name: ox-check-pr-mutants
description: Run the pr-mutants check group.
inputs:
  include_modified:
    description: |
      Pre-formatted --package args (e.g. "--package alpha --package beta")
      for the modified tier, or the sentinel "--skip" when nothing
      modified. Local invocations leave it unset; recipes default to
      --workspace.
    default: ""
    required: false
  include_affected:
    description: |
      Same shape as include_modified, but for the affected tier
      (modified ∪ rev-deps).
    default: ""
    required: false
  include_required:
    description: |
      Same shape as include_modified, but for the required tier
      (affected ∪ workspace-internal transitive deps).
    default: ""
    required: false
runs:
  using: composite
  steps:
    - uses: ./.github/actions/ox-check-setup
    - name: Run just ox-check-pr-mutants
      shell: bash
      env:
        OX_CHECK_INCLUDE_MODIFIED: ${{ inputs.include_modified }}
        OX_CHECK_INCLUDE_AFFECTED: ${{ inputs.include_affected }}
        OX_CHECK_INCLUDE_REQUIRED: ${{ inputs.include_required }}
      run: just ox-check-pr-mutants

=== .github/actions/ox-check-pr-test/action.yml ===
# Copyright (c) Microsoft Corporation.
# Licensed under the MIT License.
# Owned by cargo-ox-check; edit via `cargo ox-check update`.
# The token pr-test is substituted by cargo-ox-check at emit time with
# the concrete check-group name (pr-fast, pr-test, nightly-runtime, ...).
name: ox-check-pr-test
description: Run the pr-test check group.
inputs:
  include_modified:
    description: |
      Pre-formatted --package args (e.g. "--package alpha --package beta")
      for the modified tier, or the sentinel "--skip" when nothing
      modified. Local invocations leave it unset; recipes default to
      --workspace.
    default: ""
    required: false
  include_affected:
    description: |
      Same shape as include_modified, but for the affected tier
      (modified ∪ rev-deps).
    default: ""
    required: false
  include_required:
    description: |
      Same shape as include_modified, but for the required tier
      (affected ∪ workspace-internal transitive deps).
    default: ""
    required: false
runs:
  using: composite
  steps:
    - uses: ./.github/actions/ox-check-setup
    - name: Run just ox-check-pr-test
      shell: bash
      env:
        OX_CHECK_INCLUDE_MODIFIED: ${{ inputs.include_modified }}
        OX_CHECK_INCLUDE_AFFECTED: ${{ inputs.include_affected }}
        OX_CHECK_INCLUDE_REQUIRED: ${{ inputs.include_required }}
      run: just ox-check-pr-test

=== .github/actions/ox-check-setup/action.yml ===
# Copyright (c) Microsoft Corporation.
# Licensed under the MIT License.
# Owned by cargo-ox-check; edit via `cargo ox-check update`.
name: ox-check-setup
description: Install `just` and the catalog of cargo tools for ox-check check groups.
runs:
  using: composite
  steps:
    - id: rustc-version
      shell: bash
      run: echo "version=$(rustc --version | awk '{print $2}')" >> "$GITHUB_OUTPUT"
    - name: Cache cargo home and target
      uses: actions/cache@v4
      with:
        # Key on OS + rustc version + lockfile hashes + catalog hash so
        # a Rust toolchain bump or a tool-minimums.txt update both
        # invalidate the cache cleanly.
        key: ox-check-v1-${{ runner.os }}-rust${{ steps.rustc-version.outputs.version }}-${{ hashFiles('Cargo.lock', '.cargo/config.toml', 'rust-toolchain.toml', 'justfiles/ox-check/tool-minimums.txt') }}
        restore-keys: |
          ox-check-v1-${{ runner.os }}-rust${{ steps.rustc-version.outputs.version }}-
          ox-check-v1-${{ runner.os }}-
        path: |
          ~/.cargo/registry/cache/
          ~/.cargo/registry/index/
          ~/.cargo/bin/
          target/
    - name: Install just
      shell: bash
      run: |
        if ! command -v just >/dev/null 2>&1 ; then
          cargo install --locked just
        fi
    - name: Install catalog tools
      shell: bash
      run: just ox-check-tools-install

=== .github/workflows/ox-check-nightly-impl.yml ===
# Copyright (c) Microsoft Corporation.
# Licensed under the MIT License.
# Owned by cargo-ox-check; edit via `cargo ox-check update`.
name: ox-check-nightly-impl

on:
  workflow_call:
    inputs:
      test_os:
        description: |
          Comma-separated OS list for nightly-test matrix. Recognized
          values: linux, windows, linux-arm, windows-arm, macos.
        type: string
        default: linux,windows,linux-arm,windows-arm
      linux_runner:
        description: Runner label for x86_64 Linux jobs.
        type: string
        default: ubuntu-latest
      windows_runner:
        description: Runner label for x86_64 Windows jobs.
        type: string
        default: windows-latest
      linux_arm_runner:
        description: Runner label for aarch64 Linux jobs.
        type: string
        default: ubuntu-24.04-arm
      windows_arm_runner:
        description: Runner label for aarch64 Windows jobs.
        type: string
        default: windows-11-arm
      macos_runner:
        description: Runner label for macOS jobs (only used when test_os includes macos).
        type: string
        default: macos-latest
    secrets:
      CODECOV_TOKEN:
        description: |
          Codecov upload token. Optional for public repos that have OIDC
          configured at Codecov; required for private repos.
        required: false

jobs:
  nightly-test:
    strategy:
      fail-fast: false
      matrix:
        os: ${{ fromJSON(format('[{0}]', inputs.test_os)) }}
    runs-on: ${{ matrix.os == 'linux' && inputs.linux_runner
      || matrix.os == 'windows' && inputs.windows_runner
      || matrix.os == 'linux-arm' && inputs.linux_arm_runner
      || matrix.os == 'windows-arm' && inputs.windows_arm_runner
      || inputs.macos_runner }}
    steps:
      - uses: actions/checkout@v4
      - uses: ./.github/actions/ox-check-nightly-test
      - name: Upload coverage to Codecov
        # Single canonical leg uploads coverage; matches the pr-test
        # logic. oxidizer-github also excludes windows-11-arm from
        # coverage due to LLVM-coverage instrumentation bugs.
        if: matrix.os == 'linux'
        uses: codecov/codecov-action@v5
        with:
          files: target/coverage/lcov.info
          token: ${{ secrets.CODECOV_TOKEN }}
          flags: nightly
          fail_ci_if_error: false

  nightly-advisories:
    # Cross-OS / cross-arch because clippy and udeps in this group
    # compile per host, so cfg-gated code must be linted/scanned on
    # every leg. The external-DB checks (deny, audit, aprz) running
    # multiple times is acceptable noise compared to splitting groups.
    strategy:
      fail-fast: false
      matrix:
        os: [linux, windows, linux-arm, windows-arm]
    runs-on: ${{ matrix.os == 'linux' && inputs.linux_runner
      || matrix.os == 'windows' && inputs.windows_runner
      || matrix.os == 'linux-arm' && inputs.linux_arm_runner
      || inputs.windows_arm_runner }}
    steps:
      - uses: actions/checkout@v4
      - uses: ./.github/actions/ox-check-nightly-advisories

  nightly-runtime:
    # Cross-OS / cross-arch to match the surveyed repos: oxidizer runs
    # miri on every platform in its matrix (Windows_x64 + Linux_x64);
    # oxidizer-github runs miri + careful across four legs (Linux/
    # Windows × x86_64/aarch64). Both tools work on every Tier 1 Rust
    # target; the Linux-only assumption was wrong.
    strategy:
      fail-fast: false
      matrix:
        os: [linux, windows, linux-arm, windows-arm]
    runs-on: ${{ matrix.os == 'linux' && inputs.linux_runner
      || matrix.os == 'windows' && inputs.windows_runner
      || matrix.os == 'linux-arm' && inputs.linux_arm_runner
      || inputs.windows_arm_runner }}
    steps:
      - uses: actions/checkout@v4
      - uses: ./.github/actions/ox-check-nightly-runtime

  nightly-exhaustive:
    # Cross-OS / cross-arch to match oxidizer's policy: full-workspace
    # mutation testing + cargo-hack feature powerset + bench compile
    # checks all benefit from running on every leg for cfg-gated code.
    # Adopters who can't afford the four-leg matrix (mutants-full can
    # run for hours per leg) override the matrix in their own root
    # workflow.
    strategy:
      fail-fast: false
      matrix:
        os: [linux, windows, linux-arm, windows-arm]
    runs-on: ${{ matrix.os == 'linux' && inputs.linux_runner
      || matrix.os == 'windows' && inputs.windows_runner
      || matrix.os == 'linux-arm' && inputs.linux_arm_runner
      || inputs.windows_arm_runner }}
    steps:
      - uses: actions/checkout@v4
      - uses: ./.github/actions/ox-check-nightly-exhaustive

=== .github/workflows/ox-check-nightly.yml ===
# Copyright (c) Microsoft Corporation.
# Licensed under the MIT License.
# Owned by cargo-ox-check; edit via `cargo ox-check update`.
name: ox-check-nightly

on:
  schedule:
    - cron: "0 7 * * *"
  workflow_dispatch: {}

permissions:
  contents: read

jobs:
  ox-check-nightly:
    uses: ./.github/workflows/ox-check-nightly-impl.yml
    permissions:
      contents: read
    secrets: inherit

=== .github/workflows/ox-check-pr-impl.yml ===
# Copyright (c) Microsoft Corporation.
# Licensed under the MIT License.
# Owned by cargo-ox-check; edit via `cargo ox-check update`.
name: ox-check-pr-impl

on:
  workflow_call:
    inputs:
      test_os:
        description: |
          Comma-separated OS list for pr-test matrix. Recognized values:
          linux, windows, linux-arm, windows-arm, macos.
        type: string
        default: linux,windows,linux-arm,windows-arm
      linux_runner:
        description: Runner label for x86_64 Linux jobs.
        type: string
        default: ubuntu-latest
      windows_runner:
        description: Runner label for x86_64 Windows jobs.
        type: string
        default: windows-latest
      linux_arm_runner:
        description: Runner label for aarch64 Linux jobs.
        type: string
        default: ubuntu-24.04-arm
      windows_arm_runner:
        description: Runner label for aarch64 Windows jobs.
        type: string
        default: windows-11-arm
      macos_runner:
        description: Runner label for macOS jobs (only used when test_os includes macos).
        type: string
        default: macos-latest
    secrets:
      CODECOV_TOKEN:
        description: |
          Codecov upload token. Optional for public repos that have OIDC
          configured at Codecov; required for private repos.
        required: false

jobs:
  impact:
    runs-on: ${{ inputs.linux_runner }}
    outputs:
      include_modified: ${{ steps.delta.outputs.include_modified }}
      include_affected: ${{ steps.delta.outputs.include_affected }}
      include_required: ${{ steps.delta.outputs.include_required }}
    steps:
      - uses: actions/checkout@v4
        with:
          fetch-depth: 0
      - id: delta
        uses: ./.github/actions/ox-check-impact

  pr-fast:
    # Cross-OS because pr-fast contains compile-sensitive checks
    # (clippy, doc-build, udeps, semver-check, external-types) whose
    # results can differ across host OS / architecture for crates that
    # use #[cfg(target_os = ...)] or #[cfg(target_arch = ...)] gating.
    # Text/metadata checks in this group run on every leg too — the
    # cost is negligible compared to a separate job's setup overhead.
    needs: impact
    strategy:
      fail-fast: false
      matrix:
        os: [linux, windows, linux-arm, windows-arm]
    runs-on: ${{ matrix.os == 'linux' && inputs.linux_runner
      || matrix.os == 'windows' && inputs.windows_runner
      || matrix.os == 'linux-arm' && inputs.linux_arm_runner
      || inputs.windows_arm_runner }}
    steps:
      - uses: actions/checkout@v4
      - uses: ./.github/actions/ox-check-pr-fast
        with:
          include_modified: ${{ needs.impact.outputs.include_modified }}
          include_affected: ${{ needs.impact.outputs.include_affected }}
          include_required: ${{ needs.impact.outputs.include_required }}
        env:
          PR_TITLE: ${{ github.event.pull_request.title }}

  pr-test:
    needs: impact
    strategy:
      fail-fast: false
      matrix:
        os: ${{ fromJSON(format('[{0}]', inputs.test_os)) }}
    runs-on: ${{ matrix.os == 'linux' && inputs.linux_runner
      || matrix.os == 'windows' && inputs.windows_runner
      || matrix.os == 'linux-arm' && inputs.linux_arm_runner
      || matrix.os == 'windows-arm' && inputs.windows_arm_runner
      || inputs.macos_runner }}
    steps:
      - uses: actions/checkout@v4
      - uses: ./.github/actions/ox-check-pr-test
        with:
          include_modified: ${{ needs.impact.outputs.include_modified }}
          include_affected: ${{ needs.impact.outputs.include_affected }}
          include_required: ${{ needs.impact.outputs.include_required }}
      - name: Upload coverage to Codecov
        # Upload from one leg only to avoid double-counting; pick the
        # canonical x86_64 Linux leg. oxidizer-github also excludes
        # windows-11-arm from coverage due to LLVM-coverage
        # instrumentation bugs.
        if: matrix.os == 'linux' && needs.impact.outputs.include_affected != '--skip'
        uses: codecov/codecov-action@v5
        with:
          files: target/coverage/lcov.info
          token: ${{ secrets.CODECOV_TOKEN }}
          fail_ci_if_error: false

  pr-mutants:
    # Cross-OS to match oxidizer's policy: mutation testing on
    # cfg(target_os) / cfg(target_arch) gated code matters. Diff-scoped
    # (--in-diff) keeps each leg's runtime bounded.
    needs: impact
    strategy:
      fail-fast: false
      matrix:
        os: [linux, windows, linux-arm, windows-arm]
    runs-on: ${{ matrix.os == 'linux' && inputs.linux_runner
      || matrix.os == 'windows' && inputs.windows_runner
      || matrix.os == 'linux-arm' && inputs.linux_arm_runner
      || inputs.windows_arm_runner }}
    steps:
      - uses: actions/checkout@v4
        with:
          fetch-depth: 0
      - uses: ./.github/actions/ox-check-pr-mutants
        with:
          include_modified: ${{ needs.impact.outputs.include_modified }}
          include_affected: ${{ needs.impact.outputs.include_affected }}
          include_required: ${{ needs.impact.outputs.include_required }}
        env:
          BASE_REF: ${{ github.event.pull_request.base.sha }}

=== .github/workflows/ox-check-pr.yml ===
# Copyright (c) Microsoft Corporation.
# Licensed under the MIT License.
# Owned by cargo-ox-check; edit via `cargo ox-check update`.
name: ox-check-pr

on:
  pull_request: {}
  merge_group: {}

permissions:
  contents: read

concurrency:
  group: ox-check-pr-${{ github.head_ref || github.ref }}
  cancel-in-progress: true

jobs:
  ox-check-pr:
    uses: ./.github/workflows/ox-check-pr-impl.yml
    permissions:
      contents: read
      pull-requests: read
    secrets: inherit

=== Cargo.toml ===
[workspace]
resolver = "2"
members = ["crates/*"]

# >>> ox-check-managed: ox-check-workspace-lints
[workspace.lints]
# Catalog of opinionated lints, in dotted-key form so users can extend the
# same scope (`[workspace.lints]` or `[lints]`) outside the sentinels.
# The host-specific table header (`[workspace.lints]` or `[lints]`) is
# prepended by cargo-ox-check based on whether the manifest is a workspace
# root or a single-crate Cargo.toml.

# --- rust ------------------------------------------------------------------
rust.ambiguous_negative_literals = "warn"
rust.missing_debug_implementations = "warn"
rust.missing_docs = "warn"
rust.redundant_imports = "warn"
rust.redundant_lifetimes = "warn"
rust.trivial_numeric_casts = "warn"
rust.unsafe_op_in_unsafe_fn = "warn"
rust.unused_lifetimes = "warn"

# --- rustdoc ---------------------------------------------------------------
rustdoc.broken_intra_doc_links = "warn"
rustdoc.missing_crate_level_docs = "warn"
rustdoc.unescaped_backticks = "warn"

# --- clippy: category gates (priority -1 so per-lint allows can override) --
clippy.cargo = { level = "warn", priority = -1 }
clippy.complexity = { level = "warn", priority = -1 }
clippy.correctness = { level = "warn", priority = -1 }
clippy.nursery = { level = "warn", priority = -1 }
clippy.pedantic = { level = "warn", priority = -1 }
clippy.perf = { level = "warn", priority = -1 }
clippy.style = { level = "warn", priority = -1 }
clippy.suspicious = { level = "warn", priority = -1 }

# --- clippy: opinionated additions -----------------------------------------
clippy.allow_attributes = "warn"
clippy.allow_attributes_without_reason = "warn"
clippy.clone_on_ref_ptr = "warn"
clippy.disallowed_script_idents = "warn"
clippy.expect_used = "warn"
clippy.map_err_ignore = "warn"
clippy.panic = "warn"
clippy.undocumented_unsafe_blocks = "warn"
clippy.unnecessary_safety_comment = "warn"
clippy.unwrap_used = "warn"

# --- clippy: opinionated suppressions of category-enabled lints ------------
clippy.option_if_let_else = "allow"
clippy.missing_const_for_fn = "allow"
clippy.multiple_crate_versions = "allow"
clippy.significant_drop_tightening = "allow"
clippy.wildcard_imports = "allow"
# <<< ox-check-managed: ox-check-workspace-lints

=== Justfile ===
# >>> ox-check-managed: ox-check-imports
import 'justfiles/ox-check/mod.just'
# <<< ox-check-managed: ox-check-imports

=== crates/alpha/Cargo.toml ===
[package]
name = "alpha"
version = "0.1.0"
edition = "2024"

# >>> ox-check-managed: ox-check-lints
[lints]
workspace = true
# <<< ox-check-managed: ox-check-lints

=== crates/alpha/src/lib.rs ===


=== deny.toml ===
# >>> ox-check-managed: ox-check-deny
[advisories]
yanked = "deny"
unmaintained = "warn"

[licenses]
allow = [
    "MIT",
    "Apache-2.0",
    "Apache-2.0 WITH LLVM-exception",
    "BSD-2-Clause",
    "BSD-3-Clause",
    "ISC",
    "MPL-2.0",
    "Unicode-DFS-2016",
    "Unicode-3.0",
    "Zlib",
]
confidence-threshold = 0.93

[bans]
multiple-versions = "warn"
wildcards = "deny"

[sources]
unknown-registry = "deny"
unknown-git = "deny"
# <<< ox-check-managed: ox-check-deny

=== justfiles/ox-check/checks.just ===
# Copyright (c) Microsoft Corporation.
# Licensed under the MIT License.
# Owned by cargo-ox-check; edit via `cargo ox-check update`.
# See ../../docs/design/checks.md for the catalog and rationale.
#
# Each check belongs to one of four buckets, which determines how it
# interprets the impact env vars emitted by the cargo-delta impact step
# in CI:
#
#   - "modified": only run when at least one package's source files
#     changed in the diff. The check's underlying tool is workspace-wide
#     or directory-scoped (cargo fmt --all, cargo heather, cargo
#     spellcheck), so it doesn't take --package; we short-circuit on
#     the OX_CHECK_INCLUDE_MODIFIED == "--skip" sentinel.
#
#   - "affected": run on the affected set (modified ∪ reverse-deps
#     within the workspace). The check's underlying tool takes
#     --package; we splice OX_CHECK_INCLUDE_AFFECTED into the cargo
#     invocation, defaulting to --workspace for local invocations where
#     no env var is set.
#
#   - "required": run on the required set (affected ∪ workspace-internal
#     transitive deps). Same splice/default pattern as affected, but
#     keyed on OX_CHECK_INCLUDE_REQUIRED. Used for checks whose tool
#     resolves through the dep graph (cargo doc → intra-doc links;
#     cargo hack → feature powerset; cargo udeps → unused-deps).
#
#   - "unscoped": always run, no env var reference. External-input
#     checks (deny, audit, aprz) and PR-context checks (pr-title) live
#     here. Nightly-exhaustive recipes (mutants-full) are also unscoped
#     by design.
#
# Local invocation (no impact wiring): all three env vars are unset;
# modified recipes run unconditionally and affected/required recipes
# default to --workspace.

# === pr-fast members ====================================================

# Modified tier. cargo-fmt is a rustup component; if cargo is on PATH,
# fmt is too, so no require is needed.
ox-check-fmt:
    @if [ "$OX_CHECK_INCLUDE_MODIFIED" = "--skip" ]; then \
        echo "ox-check-fmt: no modified packages; skipping"; exit 0; \
    fi; \
    cargo fmt --all --check

# Affected tier. Per project policy, clippy runs on the affected set
# rather than the modified set: a change in a crate can introduce a
# clippy issue in a dependent crate (e.g., trait-bound or
# obviously-truthy-condition lints that key off the changed type), so
# we want downstream rev-deps to lint as well. cargo-clippy is a
# rustup component; same reasoning as fmt for the require.
ox-check-clippy:
    @if [ "$OX_CHECK_INCLUDE_AFFECTED" = "--skip" ]; then \
        echo "ox-check-clippy: no affected packages; skipping"; exit 0; \
    fi; \
    cargo clippy ${OX_CHECK_INCLUDE_AFFECTED:---workspace} --all-targets --all-features --locked -- -D warnings

# Modified tier.
ox-check-cargo-sort: (_ox-check-require "cargo-sort")
    @if [ "$OX_CHECK_INCLUDE_MODIFIED" = "--skip" ]; then \
        echo "ox-check-cargo-sort: no modified packages; skipping"; exit 0; \
    fi; \
    cargo sort --workspace --check

# Modified tier.
ox-check-license-headers: (_ox-check-require "cargo-heather")
    @if [ "$OX_CHECK_INCLUDE_MODIFIED" = "--skip" ]; then \
        echo "ox-check-license-headers: no modified packages; skipping"; exit 0; \
    fi; \
    cargo heather --workspace

# Modified tier.
ox-check-ensure-no-cyclic-deps: (_ox-check-require "cargo-ensure-no-cyclic-deps")
    @if [ "$OX_CHECK_INCLUDE_MODIFIED" = "--skip" ]; then \
        echo "ox-check-ensure-no-cyclic-deps: no modified packages; skipping"; exit 0; \
    fi; \
    cargo ensure-no-cyclic-deps --workspace

# Modified tier.
ox-check-ensure-no-default-features: (_ox-check-require "cargo-ensure-no-default-features")
    @if [ "$OX_CHECK_INCLUDE_MODIFIED" = "--skip" ]; then \
        echo "ox-check-ensure-no-default-features: no modified packages; skipping"; exit 0; \
    fi; \
    cargo ensure-no-default-features --workspace

# Required tier. cargo doc resolves intra-doc links through the dep
# graph, so a dep changing its public API can break doc-build in a
# crate that wasn't itself modified.
ox-check-doc-build:
    @if [ "$OX_CHECK_INCLUDE_REQUIRED" = "--skip" ]; then \
        echo "ox-check-doc-build: no required packages; skipping"; exit 0; \
    fi; \
    RUSTDOCFLAGS='-D warnings' cargo doc ${OX_CHECK_INCLUDE_REQUIRED:---workspace} --all-features --no-deps

# Modified tier.
ox-check-readme-check: (_ox-check-require "cargo-doc2readme")
    @if [ "$OX_CHECK_INCLUDE_MODIFIED" = "--skip" ]; then \
        echo "ox-check-readme-check: no modified packages; skipping"; exit 0; \
    fi; \
    cargo doc2readme --check

# Modified tier.
ox-check-spellcheck: (_ox-check-require "cargo-spellcheck")
    @if [ "$OX_CHECK_INCLUDE_MODIFIED" = "--skip" ]; then \
        echo "ox-check-spellcheck: no modified packages; skipping"; exit 0; \
    fi; \
    cargo spellcheck check --code 1

# Unscoped (PR title is not source-related).
[script("pwsh")]
ox-check-pr-title: (_ox-check-require "pwsh")
    $title = $env:PR_TITLE
    if (-not $title) { $title = git log -1 --pretty=%s HEAD }
    if ($title -notmatch '^(feat|fix|chore|docs|refactor|test|build|ci|perf|revert)(\([^)]+\))?!?: .+') {
        Write-Error "PR title '$title' does not match Conventional Commits"
        exit 1
    }

# Unscoped (consults external advisory DB; reads Cargo.lock, not
# workspace members).
ox-check-deny: (_ox-check-require "cargo-deny")
    cargo deny check

# Unscoped (consults external advisory DB; reads Cargo.lock).
ox-check-audit: (_ox-check-require "cargo-audit")
    cargo audit

# Required tier. cargo-udeps detects unused dependencies by resolving
# the full crate graph and seeing which deps are referenced; that's
# precisely what the required tier is for. Depends on the floating
# nightly toolchain.
ox-check-udeps: (_ox-check-require "cargo-udeps")
    @if [ "$OX_CHECK_INCLUDE_REQUIRED" = "--skip" ]; then \
        echo "ox-check-udeps: no required packages; skipping"; exit 0; \
    fi; \
    cargo +nightly udeps ${OX_CHECK_INCLUDE_REQUIRED:---workspace} --all-targets --all-features

# Affected tier (compares published API of changed crates against the
# baseline; only changed crates' surface is at risk).
ox-check-semver-check: (_ox-check-require "cargo-semver-checks")
    @if [ "$OX_CHECK_INCLUDE_AFFECTED" = "--skip" ]; then \
        echo "ox-check-semver-check: no affected packages; skipping"; exit 0; \
    fi; \
    cargo semver-checks ${OX_CHECK_INCLUDE_AFFECTED:---workspace}

# Affected tier (lints public API of changed crates and rev-deps).
ox-check-external-types: (_ox-check-require "cargo-check-external-types")
    @if [ "$OX_CHECK_INCLUDE_AFFECTED" = "--skip" ]; then \
        echo "ox-check-external-types: no affected packages; skipping"; exit 0; \
    fi; \
    cargo check-external-types ${OX_CHECK_INCLUDE_AFFECTED:---workspace}

# Unscoped (consults external risk DB).
ox-check-aprz: (_ox-check-require "cargo-aprz")
    cargo aprz check

# === pr-test members ====================================================

# Affected tier.
ox-check-llvm-cov: (_ox-check-require "cargo-llvm-cov") (_ox-check-require "cargo-nextest")
    @if [ "$OX_CHECK_INCLUDE_AFFECTED" = "--skip" ]; then \
        echo "ox-check-llvm-cov: no affected packages; skipping"; exit 0; \
    fi
    # Wipe stale .profraw data so the report reflects only this run.
    cargo llvm-cov clean --workspace --profraw-only
    # Instrument and run tests; defer report generation so we can emit
    # multiple formats from the same profraw set without re-running.
    cargo llvm-cov nextest ${OX_CHECK_INCLUDE_AFFECTED:---workspace} --all-features --locked --no-report
    # lcov.info feeds Codecov on GitHub; cobertura.xml feeds
    # PublishCodeCoverageResults@2 on Azure DevOps.
    cargo llvm-cov report --lcov      --output-path target/coverage/lcov.info
    cargo llvm-cov report --cobertura --output-path target/coverage/cobertura.xml
    # Local-only HTML viewer (no CI consumer); cheap once the data exists.
    cargo llvm-cov report --html      --output-dir target/coverage/html

# Affected tier.
ox-check-doc-test:
    @if [ "$OX_CHECK_INCLUDE_AFFECTED" = "--skip" ]; then \
        echo "ox-check-doc-test: no affected packages; skipping"; exit 0; \
    fi; \
    cargo test --doc ${OX_CHECK_INCLUDE_AFFECTED:---workspace} --all-features --locked

# Affected tier.
ox-check-examples:
    @if [ "$OX_CHECK_INCLUDE_AFFECTED" = "--skip" ]; then \
        echo "ox-check-examples: no affected packages; skipping"; exit 0; \
    fi; \
    cargo build ${OX_CHECK_INCLUDE_AFFECTED:---workspace} --examples --all-features --locked

# === pr-mutants members =================================================

# Affected tier. cargo-mutants does its own diff-scoping via --in-diff;
# the affected-tier guard is the wiring-layer's coarse filter (if no
# affected packages exist, the entire mutants run is pointless).
ox-check-mutants: (_ox-check-require "cargo-mutants")
    #!/usr/bin/env sh
    set -eu
    if [ "${OX_CHECK_INCLUDE_AFFECTED:-}" = "--skip" ]; then
        echo "ox-check-mutants: no affected packages; skipping"
        exit 0
    fi
    # Resolve BASE_REF: env override > origin/main > origin/master.
    if [ -n "${BASE_REF:-}" ]; then
        base="$BASE_REF"
    elif git rev-parse --verify origin/main >/dev/null 2>&1; then
        base="origin/main"
    elif git rev-parse --verify origin/master >/dev/null 2>&1; then
        base="origin/master"
    else
        echo "ox-check-mutants: no BASE_REF set and neither origin/main nor origin/master is available." >&2
        echo "Set BASE_REF to the branch to diff against." >&2
        exit 1
    fi
    cargo mutants --in-diff "$base"..HEAD --no-shuffle --jobs 0

# === nightly-runtime members ============================================

# Nightly checks always run full-workspace; impact env vars aren't set
# by the nightly workflow, so the affected-tier default (--workspace)
# applies. Skip guards are still included for local diff-scoped runs.

ox-check-miri:
    @if [ "$OX_CHECK_INCLUDE_AFFECTED" = "--skip" ]; then \
        echo "ox-check-miri: no affected packages; skipping"; exit 0; \
    fi; \
    cargo +nightly miri nextest run ${OX_CHECK_INCLUDE_AFFECTED:---workspace}

ox-check-careful: (_ox-check-require "cargo-careful")
    @if [ "$OX_CHECK_INCLUDE_AFFECTED" = "--skip" ]; then \
        echo "ox-check-careful: no affected packages; skipping"; exit 0; \
    fi; \
    cargo +nightly careful test ${OX_CHECK_INCLUDE_AFFECTED:---workspace} --all-features --locked

# === nightly-exhaustive members =========================================

# Unscoped. Nightly-exhaustive deliberately runs over the whole
# workspace regardless of diff.
ox-check-mutants-full: (_ox-check-require "cargo-mutants")
    cargo mutants --workspace --no-shuffle --jobs 0

# Required tier. cargo-hack's feature powerset cascades through dep
# features, so the required set (workspace-internal transitive deps)
# is the right scope.
ox-check-cargo-hack: (_ox-check-require "cargo-hack")
    @if [ "$OX_CHECK_INCLUDE_REQUIRED" = "--skip" ]; then \
        echo "ox-check-cargo-hack: no required packages; skipping"; exit 0; \
    fi; \
    cargo hack ${OX_CHECK_INCLUDE_REQUIRED:---workspace} --feature-powerset --depth 2 check

# Affected tier.
ox-check-bench:
    @if [ "$OX_CHECK_INCLUDE_AFFECTED" = "--skip" ]; then \
        echo "ox-check-bench: no affected packages; skipping"; exit 0; \
    fi; \
    cargo bench ${OX_CHECK_INCLUDE_AFFECTED:---workspace} --all-features --no-run

=== justfiles/ox-check/groups.just ===
# Copyright (c) Microsoft Corporation.
# Licensed under the MIT License.
# Owned by cargo-ox-check; edit via `cargo ox-check update`.
# See ../../docs/design/checks.md for the catalog and rationale.

# Each group is one CI job. Within a group, checks run sequentially.

# === PR groups ==========================================================

[group("ox-check")]
ox-check-pr-fast: \
    ox-check-fmt \
    ox-check-clippy \
    ox-check-cargo-sort \
    ox-check-license-headers \
    ox-check-ensure-no-cyclic-deps \
    ox-check-ensure-no-default-features \
    ox-check-doc-build \
    ox-check-readme-check \
    ox-check-spellcheck \
    ox-check-pr-title \
    ox-check-deny \
    ox-check-audit \
    ox-check-udeps \
    ox-check-semver-check \
    ox-check-external-types \
    ox-check-aprz

[group("ox-check")]
ox-check-pr-test: \
    ox-check-llvm-cov \
    ox-check-doc-test \
    ox-check-examples

[group("ox-check")]
ox-check-pr-mutants: ox-check-mutants

# === Nightly groups =====================================================

[group("ox-check")]
ox-check-nightly-test: \
    ox-check-llvm-cov \
    ox-check-doc-test \
    ox-check-examples

[group("ox-check")]
ox-check-nightly-advisories: \
    ox-check-deny \
    ox-check-audit \
    ox-check-aprz \
    ox-check-clippy \
    ox-check-udeps

[group("ox-check")]
ox-check-nightly-runtime: \
    ox-check-miri \
    ox-check-careful

[group("ox-check")]
ox-check-nightly-exhaustive: \
    ox-check-mutants-full \
    ox-check-cargo-hack \
    ox-check-bench

=== justfiles/ox-check/mod.just ===
# Copyright (c) Microsoft Corporation.
# Licensed under the MIT License.
# Owned by cargo-ox-check; edit via `cargo ox-check update`.
# Entry point for the ox-check just recipe tree. The user's root Justfile
# imports this single file; everything else lives in sibling .just files
# pulled in here.

# Some sibling files use the `[script("bash")]` and `[script("pwsh")]`
# attributes, which require unstable features. `set unstable` here is
# inherited by every imported file (justfile imports share scope).
set unstable

import 'checks.just'
import 'groups.just'
import 'tiers.just'
import 'tools.just'

# Friendly default: `just ox-check` runs the PR tier.
alias ox-check := ox-check-pr

=== justfiles/ox-check/tiers.just ===
# Copyright (c) Microsoft Corporation.
# Licensed under the MIT License.
# Owned by cargo-ox-check; edit via `cargo ox-check update`.
# See ../../docs/design/checks.md for the tier structure.

# PR tier: every fast check that should run on every pull request.
[group("ox-check")]
ox-check-pr: \
    ox-check-pr-fast \
    ox-check-pr-test \
    ox-check-pr-mutants

# Nightly tier: slow / non-deterministic checks. Runs on a schedule against
# `main`, not on PRs.
[group("ox-check")]
ox-check-nightly: \
    ox-check-nightly-test \
    ox-check-nightly-advisories \
    ox-check-nightly-runtime \
    ox-check-nightly-exhaustive

# Full tier: PR + nightly, end-to-end. Useful before tagging a release.
[group("ox-check")]
ox-check-full: \
    ox-check-pr \
    ox-check-nightly

=== justfiles/ox-check/tool-minimums.txt ===
# Copyright (c) Microsoft Corporation.
# Licensed under the MIT License.
# Owned by cargo-ox-check; edit via `cargo ox-check update`.
#
# Tool-version catalog consumed by `tools.just` recipes
# (_ox-check-require, ox-check-tools-install, ox-check-tools-check).
#
# Format: <cargo-subcommand-binary>=<minimum-version>
# One per line. Lines starting with `#` and blank lines are ignored.
# Versions are SemVer; comparison uses `sort -V` (so "1.2.10" > "1.2.9").
#
# To bump a minimum, edit the version in place. The dirty-file flow
# preserves the edit on subsequent `cargo ox-check update` runs.
# To add a new tool, append a line. To remove a tool, delete its line
# (and any recipe in checks.just that depends on it).
#
# Non-catalog dependencies (rustc, pwsh, just itself) are handled
# directly in tools.just rather than through this file — their
# install/upgrade paths are not cargo-managed.

cargo-aprz=0.6.0
cargo-audit=0.21.0
cargo-careful=0.4.7
cargo-check-external-types=0.2.0
cargo-deny=0.16.0
cargo-doc2readme=0.6.0
cargo-ensure-no-cyclic-deps=0.1.0
cargo-ensure-no-default-features=0.1.0
cargo-hack=0.6.36
cargo-heather=0.1.0
cargo-llvm-cov=0.6.13
cargo-mutants=24.5.0
cargo-nextest=0.9.122
cargo-semver-checks=0.43.0
cargo-sort=2.0.1
cargo-spellcheck=0.15.5
cargo-udeps=0.1.55

=== justfiles/ox-check/tools.just ===
# Copyright (c) Microsoft Corporation.
# Licensed under the MIT License.
# Owned by cargo-ox-check; edit via `cargo ox-check update`.
# See ../../docs/design/local.md for the policy.

# Public: assert that every catalog tool is present at or above its
# minimum version. Called by `ox-check-tools-check` and as a dependency
# of every check group via individual `_ox-check-require` invocations.
[group("ox-check")]
[script("bash")]
ox-check-tools-check:
    set -euo pipefail
    catalog="justfiles/ox-check/tool-minimums.txt"
    fail=0
    while IFS='=' read -r tool min; do
        case "$tool" in '' | '#'*) continue ;; esac
        if ! just _ox-check-require "$tool" ; then
            fail=1
        fi
    done < "$catalog"
    just _ox-check-require rustc || fail=1
    exit $fail

# Public: install (or upgrade) every catalog tool to its minimum
# version. Idempotent — `cargo install --locked` is a no-op when the
# installed version already satisfies the requirement.
[group("ox-check")]
[script("bash")]
ox-check-tools-install:
    set -euo pipefail
    catalog="justfiles/ox-check/tool-minimums.txt"
    while IFS='=' read -r tool min; do
        case "$tool" in '' | '#'*) continue ;; esac
        cargo install --locked "$tool" --version ">=$min"
    done < "$catalog"

# Internal: assert that `name` meets its catalog minimum (or, for tools
# not in the catalog, that it's at least present). Three lookup paths:
#
#   - "rustc": presence-only; the workspace's rust-toolchain.toml drives
#     the actual version requirement (rustup auto-installs).
#   - "pwsh": presence-only with a per-OS install hint.
#   - Anything else: looked up in tool-minimums.txt; if present, the
#     installed version is parsed from `cargo install --list` and
#     compared via `sort -V`. If not in the catalog, presence-only
#     fallback (covers system binaries like `just` itself, `git`).
[script("bash")]
_ox-check-require name:
    set -euo pipefail
    catalog="justfiles/ox-check/tool-minimums.txt"
    case "{{name}}" in
        rustc)
            if ! command -v rustc >/dev/null 2>&1 ; then
                echo "ox-check: rustc not found. Install via rustup: https://rustup.rs" >&2
                exit 1
            fi
            exit 0
            ;;
        pwsh)
            if ! command -v pwsh >/dev/null 2>&1 ; then
                echo "ox-check: pwsh (PowerShell Core) not found." >&2
                case "$(uname -s 2>/dev/null)" in
                    Darwin*) echo "Install: brew install --cask powershell" >&2 ;;
                    *)       echo "Install: see https://github.com/PowerShell/PowerShell" >&2 ;;
                esac
                exit 1
            fi
            exit 0
            ;;
    esac

    # Catalog lookup: trim CRLF on Windows checkouts and skip
    # comments / blank lines while we're at it.
    spec=$(grep -E "^{{name}}=" "$catalog" 2>/dev/null | tr -d '\r' || true)
    if [ -z "$spec" ] ; then
        # Not in catalog: presence-only fallback for tools we don't
        # version-gate (`just` itself, `git`, system binaries).
        if ! command -v "{{name}}" >/dev/null 2>&1 ; then
            echo "ox-check: required tool '{{name}}' not found." >&2
            echo "Install hint: cargo install --locked {{name}}" >&2
            exit 1
        fi
        exit 0
    fi

    min="${spec#*=}"
    installed=$(cargo install --list 2>/dev/null \
        | grep -E "^{{name}} v" \
        | head -n1 \
        | sed -E 's/^[^ ]+ v([0-9][^ :]*).*/\1/' || true)
    if [ -z "$installed" ] ; then
        echo "ox-check: '{{name}}' not installed (need >=v$min)." >&2
        echo "Install: cargo install --locked {{name}} --version '>=$min'" >&2
        exit 1
    fi
    # `sort -V` orders by SemVer; if the minimum is the lowest of the
    # two, the installed version is >= the minimum.
    lowest=$(printf '%s\n%s\n' "$installed" "$min" | sort -V | head -n1)
    if [ "$lowest" != "$min" ] && [ "$installed" != "$min" ] ; then
        echo "ox-check: '{{name}}' is at v$installed; need >=v$min." >&2
        echo "Upgrade: cargo install --locked {{name}} --version '>=$min'" >&2
        exit 1
    fi

=== rustfmt.toml ===
# >>> ox-check-managed: ox-check-rustfmt
edition = "2024"
max_width = 110
newline_style = "Unix"
use_field_init_shorthand = true
use_try_shorthand = true
# <<< ox-check-managed: ox-check-rustfmt
