---
source: cargo-aprz-lib/src/reports/mod.rs
expression: console_output
---
comprehensive-crate v2.0.0 is appraised as LOW RISK (score = 100, awarded points = 3, available points = 3)
  ✔️ coverage
  ✔️ active
  ✔️ maintained

Metadata
  crate.name     : comprehensive-crate
  crate.version  : 2.0.0
  crate.keywords : test, comprehensive, snapshot

Stability
  stability.crate_created_at : 2023-06-01

Usage
  usage.total_downloads : 9876543

Community
  community.repo_stars : 12345

Trustworthiness
  trust.code_coverage_percentage : 99.99
  trust.ci_workflows             : true
